Component: ARM Compiler 5.06 update 6 (build 750) Tool: armlink [4d35ed]

==============================================================================

Section Cross References

    startup_stm32f407xx.o(STACK) refers (Special) to heapauxi.o(.text) for __use_two_region_memory
    startup_stm32f407xx.o(HEAP) refers (Special) to heapauxi.o(.text) for __use_two_region_memory
    startup_stm32f407xx.o(RESET) refers (Special) to heapauxi.o(.text) for __use_two_region_memory
    startup_stm32f407xx.o(RESET) refers to startup_stm32f407xx.o(STACK) for __initial_sp
    startup_stm32f407xx.o(RESET) refers to startup_stm32f407xx.o(.text) for Reset_Handler
    startup_stm32f407xx.o(RESET) refers to stm32f4xx_it.o(i.NMI_Handler) for NMI_Handler
    startup_stm32f407xx.o(RESET) refers to stm32f4xx_it.o(i.HardFault_Handler) for HardFault_Handler
    startup_stm32f407xx.o(RESET) refers to stm32f4xx_it.o(i.MemManage_Handler) for MemManage_Handler
    startup_stm32f407xx.o(RESET) refers to stm32f4xx_it.o(i.BusFault_Handler) for BusFault_Handler
    startup_stm32f407xx.o(RESET) refers to stm32f4xx_it.o(i.UsageFault_Handler) for UsageFault_Handler
    startup_stm32f407xx.o(RESET) refers to port.o(.emb_text) for SVC_Handler
    startup_stm32f407xx.o(RESET) refers to stm32f4xx_it.o(i.DebugMon_Handler) for DebugMon_Handler
    startup_stm32f407xx.o(RESET) refers to cmsis_os2.o(i.SysTick_Handler) for SysTick_Handler
    startup_stm32f407xx.o(RESET) refers to stm32f4xx_it.o(i.TIM1_BRK_TIM9_IRQHandler) for TIM1_BRK_TIM9_IRQHandler
    startup_stm32f407xx.o(RESET) refers to stm32f4xx_it.o(i.TIM1_UP_TIM10_IRQHandler) for TIM1_UP_TIM10_IRQHandler
    startup_stm32f407xx.o(RESET) refers to stm32f4xx_it.o(i.USART1_IRQHandler) for USART1_IRQHandler
    startup_stm32f407xx.o(RESET) refers to stm32f4xx_it.o(i.SDIO_IRQHandler) for SDIO_IRQHandler
    startup_stm32f407xx.o(RESET) refers to stm32f4xx_it.o(i.TIM5_IRQHandler) for TIM5_IRQHandler
    startup_stm32f407xx.o(RESET) refers to stm32f4xx_it.o(i.DMA2_Stream3_IRQHandler) for DMA2_Stream3_IRQHandler
    startup_stm32f407xx.o(RESET) refers to stm32f4xx_it.o(i.DMA2_Stream6_IRQHandler) for DMA2_Stream6_IRQHandler
    startup_stm32f407xx.o(RESET) refers to stm32f4xx_it.o(i.USART6_IRQHandler) for USART6_IRQHandler
    startup_stm32f407xx.o(.text) refers (Special) to heapauxi.o(.text) for __use_two_region_memory
    startup_stm32f407xx.o(.text) refers to system_stm32f4xx.o(i.SystemInit) for SystemInit
    startup_stm32f407xx.o(.text) refers to __main.o(!!!main) for __main
    startup_stm32f407xx.o(.text) refers to startup_stm32f407xx.o(HEAP) for Heap_Mem
    startup_stm32f407xx.o(.text) refers to startup_stm32f407xx.o(STACK) for Stack_Mem
    main.o(i.HAL_TIM_PeriodElapsedCallback) refers to stm32f4xx_hal.o(i.HAL_IncTick) for HAL_IncTick
    main.o(i.HAL_TIM_PeriodElapsedCallback) refers to tim.o(i.Frame_Timeout_Timer_Stop) for Frame_Timeout_Timer_Stop
    main.o(i.HAL_TIM_PeriodElapsedCallback) refers to gprs_send_task.o(i.GPRS_RecvTimeout_Process) for GPRS_RecvTimeout_Process
    main.o(i.HAL_TIM_PeriodElapsedCallback) refers to tim.o(i.Recvdata_Timeout_Timer_Stop) for Recvdata_Timeout_Timer_Stop
    main.o(i.HAL_TIM_PeriodElapsedCallback) refers to usart.o(i.copyUart1ToGPRS) for copyUart1ToGPRS
    main.o(i.HAL_TIM_PeriodElapsedCallback) refers to freertos.o(i.sendSemToTask) for sendSemToTask
    main.o(i.HAL_TIM_PeriodElapsedCallback) refers to usart.o(.data) for usart1_start_update
    main.o(i.HAL_TIM_PeriodElapsedCallback) refers to gprs_send_task.o(.data) for gprsResendCount
    main.o(i.SystemClock_Config) refers to rt_memclr_w.o(.text) for __aeabi_memclr4
    main.o(i.SystemClock_Config) refers to stm32f4xx_hal_rcc.o(i.HAL_RCC_OscConfig) for HAL_RCC_OscConfig
    main.o(i.SystemClock_Config) refers to main.o(i.Error_Handler) for Error_Handler
    main.o(i.SystemClock_Config) refers to stm32f4xx_hal_rcc.o(i.HAL_RCC_ClockConfig) for HAL_RCC_ClockConfig
    main.o(i.fgetc) refers to stm32f4xx_hal_uart.o(i.HAL_UART_Receive) for HAL_UART_Receive
    main.o(i.fgetc) refers to usart.o(.bss) for huart1
    main.o(i.fputc) refers to stm32f4xx_hal_uart.o(i.HAL_UART_Transmit) for HAL_UART_Transmit
    main.o(i.fputc) refers to usart.o(.bss) for huart1
    main.o(i.main) refers to stm32f4xx_hal.o(i.HAL_Init) for HAL_Init
    main.o(i.main) refers to main.o(i.SystemClock_Config) for SystemClock_Config
    main.o(i.main) refers to gpio.o(i.MX_GPIO_Init) for MX_GPIO_Init
    main.o(i.main) refers to usart.o(i.MX_USART1_UART_Init) for MX_USART1_UART_Init
    main.o(i.main) refers to dma.o(i.MX_DMA_Init) for MX_DMA_Init
    main.o(i.main) refers to sdio.o(i.MX_SDIO_SD_Init) for MX_SDIO_SD_Init
    main.o(i.main) refers to usart.o(i.MX_USART6_UART_Init) for MX_USART6_UART_Init
    main.o(i.main) refers to fatfs.o(i.MX_FATFS_Init) for MX_FATFS_Init
    main.o(i.main) refers to tim.o(i.MX_TIM5_Init) for MX_TIM5_Init
    main.o(i.main) refers to tim.o(i.MX_TIM9_Init) for MX_TIM9_Init
[...]
    init_Update_Fileinfo                     0x080082a5   Thumb Code   194  update.o(i.init_Update_Fileinfo)
    init_Update_Fileversion                  0x0800837d   Thumb Code    10  update.o(i.init_Update_Fileversion)
    init_Update_New_Firmware                 0x08008389   Thumb Code    10  update.o(i.init_Update_New_Firmware)
    init_Update_Packet                       0x08008399   Thumb Code    10  update.o(i.init_Update_Packet)
    main                                     0x0800840d   Thumb Code    66  main.o(i.main)
    osDelay                                  0x080084fd   Thumb Code    30  cmsis_os2.o(i.osDelay)
    osKernelGetState                         0x0800851d   Thumb Code    48  cmsis_os2.o(i.osKernelGetState)
    osKernelGetTickCount                     0x08008551   Thumb Code    26  cmsis_os2.o(i.osKernelGetTickCount)
    osKernelInitialize                       0x0800856d   Thumb Code    38  cmsis_os2.o(i.osKernelInitialize)
    osKernelStart                            0x08008599   Thumb Code    82  cmsis_os2.o(i.osKernelStart)
    osMessageQueueGet                        0x080085f9   Thumb Code   124  cmsis_os2.o(i.osMessageQueueGet)
    osMessageQueueNew                        0x08008679   Thumb Code   154  cmsis_os2.o(i.osMessageQueueNew)
    osMessageQueuePut                        0x08008715   Thumb Code   128  cmsis_os2.o(i.osMessageQueuePut)
    osSemaphoreAcquire                       0x08008799   Thumb Code   104  cmsis_os2.o(i.osSemaphoreAcquire)
    osSemaphoreDelete                        0x08008805   Thumb Code    44  cmsis_os2.o(i.osSemaphoreDelete)
    osSemaphoreNew                           0x08008831   Thumb Code   204  cmsis_os2.o(i.osSemaphoreNew)
    osSemaphoreRelease                       0x080088fd   Thumb Code    88  cmsis_os2.o(i.osSemaphoreRelease)
    osThreadNew                              0x08008959   Thumb Code   184  cmsis_os2.o(i.osThreadNew)
    packet_serialize                         0x08008a11   Thumb Code   146  protocol.o(i.packet_serialize)
    printfErrorCnt                           0x08008b2d   Thumb Code    14  update.o(i.printfErrorCnt)
    printfResendLog                          0x08008b55   Thumb Code    82  update.o(i.printfResendLog)
    printfUpdateOk                           0x08008c31   Thumb Code    34  update.o(i.printfUpdateOk)
    protocol_frame_depackage                 0x08008c8d   Thumb Code   104  protocol.o(i.protocol_frame_depackage)
    protocol_frame_package                   0x08008cf5   Thumb Code    56  protocol.o(i.protocol_frame_package)
    pvPortMalloc                             0x08009979   Thumb Code   306  heap_4.o(i.pvPortMalloc)
    pvTaskIncrementMutexHeldCount            0x08009ac5   Thumb Code    26  tasks.o(i.pvTaskIncrementMutexHeldCount)
    pxPortInitialiseStack                    0x08009ae5   Thumb Code    38  port.o(i.pxPortInitialiseStack)
    read_uint16_t                            0x08009b11   Thumb Code    14  crc16.o(i.read_uint16_t)
    read_uint16_t_BE                         0x08009b1f   Thumb Code    22  crc16.o(i.read_uint16_t_BE)
    read_uint32_t_BE                         0x08009b35   Thumb Code    20  crc16.o(i.read_uint32_t_BE)
    read_uint8_t_BE                          0x08009b49   Thumb Code    22  crc16.o(i.read_uint8_t_BE)
    resetUpdateFlow                          0x08009bf9   Thumb Code    32  update.o(i.resetUpdateFlow)
    selectFile                               0x08009c25   Thumb Code    30  fatfs.o(i.selectFile)
    sendSemToTask                            0x08009c61   Thumb Code    12  freertos.o(i.sendSemToTask)
    setGPRS_Recv_Count                       0x08009c71   Thumb Code    48  gprs_recv_task.o(i.setGPRS_Recv_Count)
    setLED2                                  0x08009ca5   Thumb Code    16  gpio.o(i.setLED2)
    setPacketLen                             0x08009cb9   Thumb Code     8  protocol.o(i.setPacketLen)
    stm32_flashErase                         0x08009d3d   Thumb Code   146  stm_flash.o(i.stm32_flashErase)
    u16BEtoLE                                0x08009f1f   Thumb Code    20  protocol.o(i.u16BEtoLE)
    u16LEtoBE                                0x08009f33   Thumb Code    20  protocol.o(i.u16LEtoBE)
    u32LEtoBE                                0x08009f47   Thumb Code    30  protocol.o(i.u32LEtoBE)
    update_data_check                        0x08009f81   Thumb Code    32  update.o(i.update_data_check)
    update_flow_process_recv                 0x08009fa5   Thumb Code   192  update.o(i.update_flow_process_recv)
    update_flow_process_send                 0x0800a075   Thumb Code    64  update.o(i.update_flow_process_send)
    update_frame_check                       0x0800a0c1   Thumb Code   202  update.o(i.update_frame_check)
    update_frame_depacket                    0x0800a199   Thumb Code    22  update.o(i.update_frame_depacket)
    update_frame_init                        0x0800a1b1   Thumb Code   132  update.o(i.update_frame_init)
    update_frame_packet                      0x0800a239   Thumb Code    40  update.o(i.update_frame_packet)
    usrScanBinFiles                          0x0800a261   Thumb Code   178  fatfs.o(i.usrScanBinFiles)
    uxListRemove                             0x0800a371   Thumb Code    40  list.o(i.uxListRemove)
    vApplicationGetIdleTaskMemory            0x0800a399   Thumb Code    14  cmsis_os2.o(i.vApplicationGetIdleTaskMemory)
    vApplicationGetTimerTaskMemory           0x0800a3b1   Thumb Code    16  cmsis_os2.o(i.vApplicationGetTimerTaskMemory)
    vApplicationStackOverflowHook            0x0800a3c9   Thumb Code    16  freertos.o(i.vApplicationStackOverflowHook)
    vListInitialise                          0x0800a3d9   Thumb Code    26  list.o(i.vListInitialise)
    vListInitialiseItem                      0x0800a3f3   Thumb Code     6  list.o(i.vListInitialiseItem)
    vListInsert                              0x0800a3f9   Thumb Code    52  list.o(i.vListInsert)
    vListInsertEnd                           0x0800a42d   Thumb Code    24  list.o(i.vListInsertEnd)
    vPortEnterCritical                       0x0800a445   Thumb Code    76  port.o(i.vPortEnterCritical)
    vPortExitCritical                        0x0800a499   Thumb Code    56  port.o(i.vPortExitCritical)
    vPortFree                                0x0800a4d5   Thumb Code   150  heap_4.o(i.vPortFree)
    vPortSetupTimerInterrupt                 0x0800a579   Thumb Code    36  port.o(i.vPortSetupTimerInterrupt)
    vPortValidateInterruptPriority           0x0800a5a1   Thumb Code   106  port.o(i.vPortValidateInterruptPriority)
    vQueueAddToRegistry                      0x0800a619   Thumb Code    38  queue.o(i.vQueueAddToRegistry)
    vQueueDelete                             0x0800a645   Thumb Code    50  queue.o(i.vQueueDelete)
    vQueueUnregisterQueue                    0x0800a679   Thumb Code    44  queue.o(i.vQueueUnregisterQueue)
    vQueueWaitForMessageRestricted           0x0800a6a9   Thumb Code    74  queue.o(i.vQueueWaitForMessageRestricted)
    vTaskDelay                               0x0800a6f5   Thumb Code    82  tasks.o(i.vTaskDelay)
    vTaskInternalSetTimeOutState             0x0800a751   Thumb Code    14  tasks.o(i.vTaskInternalSetTimeOutState)
    vTaskMissedYield                         0x0800a769   Thumb Code     8  tasks.o(i.vTaskMissedYield)
    vTaskPlaceOnEventList                    0x0800a775   Thumb Code    52  tasks.o(i.vTaskPlaceOnEventList)
    vTaskPlaceOnEventListRestricted          0x0800a7ad   Thumb Code    60  tasks.o(i.vTaskPlaceOnEventListRestricted)
    vTaskPriorityDisinheritAfterTimeout      0x0800a7ed   Thumb Code   194  tasks.o(i.vTaskPriorityDisinheritAfterTimeout)
    vTaskStartScheduler                      0x0800a8bd   Thumb Code   156  tasks.o(i.vTaskStartScheduler)
    vTaskSuspendAll                          0x0800a975   Thumb Code    12  tasks.o(i.vTaskSuspendAll)
    vTaskSwitchContext                       0x0800a985   Thumb Code   152  tasks.o(i.vTaskSwitchContext)
    write_uint16_t                           0x0800aa83   Thumb Code    16  crc16.o(i.write_uint16_t)
    write_uint16_t_BE                        0x0800aa93   Thumb Code    26  crc16.o(i.write_uint16_t_BE)
    write_uint32_t_BE                        0x0800aaad   Thumb Code    24  crc16.o(i.write_uint32_t_BE)
    write_uint8_t_BE                         0x0800aac5   Thumb Code    26  crc16.o(i.write_uint8_t_BE)
    xPortStartScheduler                      0x0800aae1   Thumb Code   330  port.o(i.xPortStartScheduler)
    xPortSysTickHandler                      0x0800ac49   Thumb Code    46  port.o(i.xPortSysTickHandler)
    xQueueCreateCountingSemaphore            0x0800ac7d   Thumb Code    92  queue.o(i.xQueueCreateCountingSemaphore)
    xQueueCreateCountingSemaphoreStatic      0x0800acd9   Thumb Code   100  queue.o(i.xQueueCreateCountingSemaphoreStatic)
    xQueueGenericCreate                      0x0800ad3d   Thumb Code    90  queue.o(i.xQueueGenericCreate)
    xQueueGenericCreateStatic                0x0800ad97   Thumb Code   224  queue.o(i.xQueueGenericCreateStatic)
    xQueueGenericReset                       0x0800ae79   Thumb Code   146  queue.o(i.xQueueGenericReset)
    xQueueGenericSend                        0x0800af11   Thumb Code   420  queue.o(i.xQueueGenericSend)
    xQueueGenericSendFromISR                 0x0800b0b9   Thumb Code   252  queue.o(i.xQueueGenericSendFromISR)
    xQueueGiveFromISR                        0x0800b1b5   Thumb Code   224  queue.o(i.xQueueGiveFromISR)
    xQueueReceive                            0x0800b295   Thumb Code   356  queue.o(i.xQueueReceive)
    xQueueReceiveFromISR                     0x0800b3fd   Thumb Code   202  queue.o(i.xQueueReceiveFromISR)
    xQueueSemaphoreTake                      0x0800b4c9   Thumb Code   434  queue.o(i.xQueueSemaphoreTake)
    xTaskCheckForTimeOut                     0x0800b681   Thumb Code   132  tasks.o(i.xTaskCheckForTimeOut)
    xTaskCreate                              0x0800b70d   Thumb Code   100  tasks.o(i.xTaskCreate)
    xTaskCreateStatic                        0x0800b771   Thumb Code   186  tasks.o(i.xTaskCreateStatic)
    xTaskGetSchedulerState                   0x0800b82d   Thumb Code    24  tasks.o(i.xTaskGetSchedulerState)
    xTaskGetTickCount                        0x0800b84d   Thumb Code     6  tasks.o(i.xTaskGetTickCount)
    xTaskGetTickCountFromISR                 0x0800b859   Thumb Code    16  tasks.o(i.xTaskGetTickCountFromISR)
    xTaskIncrementTick                       0x0800b86d   Thumb Code   280  tasks.o(i.xTaskIncrementTick)
    xTaskPriorityDisinherit                  0x0800b9b1   Thumb Code   152  tasks.o(i.xTaskPriorityDisinherit)
    xTaskPriorityInherit                     0x0800ba55   Thumb Code   150  tasks.o(i.xTaskPriorityInherit)
    xTaskRemoveFromEventList                 0x0800baf9   Thumb Code   126  tasks.o(i.xTaskRemoveFromEventList)
    xTaskResumeAll                           0x0800bb91   Thumb Code   222  tasks.o(i.xTaskResumeAll)
    xTimerCreateTimerTask                    0x0800bc95   Thumb Code   100  timers.o(i.xTimerCreateTimerTask)
    xTimerGenericCommand                     0x0800bd0d   Thumb Code   128  timers.o(i.xTimerGenericCommand)
    _fp_init                                 0x0800bd91   Thumb Code    10  fpinit.o(x$fpl$fpinit)
    __fplib_config_fpu_vfp                   0x0800bd99   Thumb Code     0  fpinit.o(x$fpl$fpinit)
    __fplib_config_pureend_doubles           0x0800bd99   Thumb Code     0  fpinit.o(x$fpl$fpinit)
    defaultTask_attributes                   0x0800bd9c   Data          36  freertos.o(.constdata)
    GPRSSendTask_attributes                  0x0800bdc0   Data          36  freertos.o(.constdata)
    updateTask_attributes                    0x0800bde4   Data          36  freertos.o(.constdata)
    GPRSRecvTask_attributes                  0x0800be08   Data          36  freertos.o(.constdata)
    recvFrameQ_attributes                    0x0800be2c   Data          24  freertos.o(.constdata)
    sendFrameQ_attributes                    0x0800be44   Data          24  freertos.o(.constdata)
    recvDataTimeoutSem_attributes            0x0800be5c   Data          16  freertos.o(.constdata)
    recvFrameSem_attributes                  0x0800be6c   Data          16  freertos.o(.constdata)
    AHBPrescTable                            0x0800be84   Data          16  system_stm32f4xx.o(.constdata)
    APBPrescTable                            0x0800be94   Data           8  system_stm32f4xx.o(.constdata)
    SD_Driver                                0x0800c49c   Data          20  sd_diskio.o(.constdata)
    Region$$Table$$Base                      0x0800c9b8   Number         0  anon$$obj.o(Region$$Table)
    Region$$Table$$Limit                     0x0800c9d8   Number         0  anon$$obj.o(Region$$Table)
    __stdout                                 0x20000000   Data           4  main.o(.data)
    defaultTaskHandle                        0x20000004   Data           4  freertos.o(.data)
    GPRSSendTaskHandle                       0x20000008   Data           4  freertos.o(.data)
    updateTaskHandle                         0x2000000c   Data           4  freertos.o(.data)
    GPRSRecvTaskHandle                       0x20000010   Data           4  freertos.o(.data)
    recvFrameQHandle                         0x20000014   Data           4  freertos.o(.data)
    sendFrameQHandle                         0x20000018   Data           4  freertos.o(.data)
    recvDataTimeoutSemHandle                 0x2000001c   Data           4  freertos.o(.data)
    recvFrameSemHandle                       0x20000020   Data           4  freertos.o(.data)
    uart6_recvdata                           0x20000024   Data           1  usart.o(.data)
    uart6_rxcount                            0x20000028   Data           4  usart.o(.data)
    uart6_senddata                           0x2000002c   Data           1  usart.o(.data)
    uart6_txcount                            0x20000030   Data           4  usart.o(.data)
    uart1_recvdata                           0x20000034   Data           1  usart.o(.data)
    uart1_rxcount                            0x20000038   Data           4  usart.o(.data)
    usart1_start_update                      0x2000003c   Data           1  usart.o(.data)
    set_send_num                             0x2000003e   Data           2  usart.o(.data)
    uwTick                                   0x20000044   Data           4  stm32f4xx_hal.o(.data)
    uwTickPrio                               0x20000048   Data           4  stm32f4xx_hal.o(.data)
    uwTickFreq                               0x2000004c   Data           1  stm32f4xx_hal.o(.data)
    SystemCoreClock                          0x20000050   Data           4  system_stm32f4xx.o(.data)
    FirstSector                              0x20000054   Data           4  stm_flash.o(.data)
    NbOfSectors                              0x20000058   Data           4  stm_flash.o(.data)
    Address                                  0x2000005c   Data           4  stm_flash.o(.data)
    SectorError                              0x20000060   Data           4  stm_flash.o(.data)
    data32                                   0x20000064   Data           4  stm_flash.o(.data)
    MemoryProgramStatus                      0x20000068   Data           4  stm_flash.o(.data)
    update_file_version                      0x2000006c   Data           3  update.o(.data)
    file_type                                0x2000006f   Data           1  update.o(.data)
    update_firmware_monitor                  0x20000074   Data          32  update.o(.data)
    read_once_count                          0x20000098   Data           2  update.o(.data)
    retryCnt                                 0x2000009a   Data           1  update.o(.data)
    retSD                                    0x200000a4   Data           1  fatfs.o(.data)
    SDPath                                   0x200000a5   Data           4  fatfs.o(.data)
    bytesWrite                               0x200000ac   Data           4  fatfs.o(.data)
    bytesRead                                0x200000b0   Data           4  fatfs.o(.data)
    binFilesCount                            0x200000b4   Data           1  fatfs.o(.data)
    testfilename                             0x200000b5   Data          14  fatfs.o(.data)
    pxCurrentTCB                             0x200000d0   Data           4  tasks.o(.data)
    GPRS_Recv_Frame                          0x20000150   Data           8  gprs_recv_task.o(.data)
    gprsResendCount                          0x20000158   Data           1  gprs_send_task.o(.data)
    psend                                    0x2000015c   Data           4  data_update_task.o(.data)
    precv                                    0x20000160   Data           4  data_update_task.o(.data)
    hsd                                      0x20000168   Data         132  sdio.o(.bss)
    hdma_sdio_rx                             0x200001ec   Data          96  sdio.o(.bss)
    hdma_sdio_tx                             0x2000024c   Data          96  sdio.o(.bss)
    htim5                                    0x200002ac   Data          72  tim.o(.bss)
    htim9                                    0x200002f4   Data          72  tim.o(.bss)
    uart6_rxbuf                              0x2000033c   Data        1120  usart.o(.bss)
    uart6_txbuf                              0x2000079c   Data        1120  usart.o(.bss)
    uart1_rxbuf                              0x20000bfc   Data          64  usart.o(.bss)
    huart1                                   0x20000c3c   Data          68  usart.o(.bss)
    huart6                                   0x20000c80   Data          68  usart.o(.bss)
    htim1                                    0x20000cc4   Data          72  stm32f4xx_hal_timebase_tim.o(.bss)
    pFlash                                   0x20000d0c   Data          32  stm32f4xx_hal_flash.o(.bss)
    update_send_packet                       0x20000d40   Data        1076  update.o(.bss)
    update_recv_packet                       0x20001174   Data        1076  update.o(.bss)
    SDFatFS                                  0x200015a8   Data        4160  fatfs.o(.bss)
    SDFile                                   0x200025e8   Data          48  fatfs.o(.bss)
    SDFatDir                                 0x20002618   Data          52  fatfs.o(.bss)
    writeTxt                                 0x2000264c   Data          10  fatfs.o(.bss)
    readTxt                                  0x20002656   Data        4096  fatfs.o(.bss)
    binFileList                              0x20003656   Data         256  fatfs.o(.bss)
    fileinfo                                 0x20003758   Data          88  fatfs.o(.bss)
    disk                                     0x200037e0   Data          16  ff_gen_drv.o(.bss)
    xQueueRegistry                           0x200037f0   Data          64  queue.o(.bss)
    GPRS_Send_Buf                            0x200144c4   Data        1120  gprs_send_task.o(.bss)
    recvFrameBuf                             0x20014924   Data        1120  data_update_task.o(.bss)
    sendFrameBuf                             0x20014d84   Data        1120  data_update_task.o(.bss)
    readOpt                                  0x200151e4   Data          56  data_update_task.o(.bss)
    __libspace_start                         0x2001521c   Data          96  libspace.o(.bss)
    __temporary_stack_top$libspace           0x2001527c   Data           0  libspace.o(.bss)



==============================================================================

Memory Map of the image

  Image Entry point : 0x08000189

  Load Region LR_IROM1 (Base: 0x08000000, Size: 0x0000cb40, Max: 0x00100000, ABSOLUTE, COMPRESSED[0x0000ca10])

    Execution Region ER_IROM1 (Exec base: 0x08000000, Load base: 0x08000000, Size: 0x0000c9d8, Max: 0x00100000, ABSOLUTE)

    Exec Addr    Load Addr    Size         Type   Attr      Idx    E Section Name        Object

    0x08000000   0x08000000   0x00000188   Data   RO            3    RESET               startup_stm32f407xx.o
    0x08000188   0x08000188   0x00000008   Code   RO         8701  * !!!main             c_w.l(__main.o)
    0x08000190   0x08000190   0x00000034   Code   RO         8999    !!!scatter          c_w.l(__scatter.o)
    0x080001c4   0x080001c4   0x0000003a   Code   RO         8997    !!dczerorl          c_w.l(__dczerorl.o)
    0x080001fe   0x080001fe   0x00000002   PAD
    0x08000200   0x08000200   0x0000001c   Code   RO         9001    !!handler_zi        c_w.l(__scatter_zi.o)
    0x0800021c   0x0800021c   0x00000000   Code   RO         8682    .ARM.Collect$$_printf_percent$$00000000  c_w.l(_printf_percent.o)
    0x0800021c   0x0800021c   0x00000006   Code   RO         8680    .ARM.Collect$$_printf_percent$$00000009  c_w.l(_printf_d.o)
    0x08000222   0x08000222   0x00000006   Code   RO         8679    .ARM.Collect$$_printf_percent$$0000000C  c_w.l(_printf_x.o)
    0x08000228   0x08000228   0x00000006   Code   RO         8678    .ARM.Collect$$_printf_percent$$00000014  c_w.l(_printf_s.o)
    0x0800022e   0x0800022e   0x00000004   Code   RO         8763    .ARM.Collect$$_printf_percent$$00000017  c_w.l(_printf_percent_end.o)
    0x08000232   0x08000232   0x00000002   Code   RO         8938    .ARM.Collect$$libinit$$00000000  c_w.l(libinit.o)
    0x08000234   0x08000234   0x00000004   Code   RO         8766    .ARM.Collect$$libinit$$00000001  c_w.l(libinit2.o)
    0x08000238   0x08000238   0x00000000   Code   RO         8769    .ARM.Collect$$libinit$$00000004  c_w.l(libinit2.o)
    0x08000238   0x08000238   0x00000008   Code   RO         8770    .ARM.Collect$$libinit$$00000005  c_w.l(libinit2.o)
    0x08000240   0x08000240   0x00000000   Code   RO         8772    .ARM.Collect$$libinit$$0000000A  c_w.l(libinit2.o)
    0x08000240   0x08000240   0x00000000   Code   RO         8774    .ARM.Collect$$libinit$$0000000C  c_w.l(libinit2.o)
    0x08000240   0x08000240   0x00000000   Code   RO         8776    .ARM.Collect$$libinit$$0000000E  c_w.l(libinit2.o)
    0x08000240   0x08000240   0x00000000   Code   RO         8779    .ARM.Collect$$libinit$$00000011  c_w.l(libinit2.o)
    0x08000240   0x08000240   0x00000000   Code   RO         8781    .ARM.Collect$$libinit$$00000013  c_w.l(libinit2.o)
    0x08000240   0x08000240   0x00000000   Code   RO         8783    .ARM.Collect$$libinit$$00000015  c_w.l(libinit2.o)
    0x08000240   0x08000240   0x00000000   Code   RO         8785    .ARM.Collect$$libinit$$00000017  c_w.l(libinit2.o)
    0x08000240   0x08000240   0x00000000   Code   RO         8787    .ARM.Collect$$libinit$$00000019  c_w.l(libinit2.o)
    0x08000240   0x08000240   0x00000000   Code   RO         8789    .ARM.Collect$$libinit$$0000001B  c_w.l(libinit2.o)
    0x08000240   0x08000240   0x00000000   Code   RO         8791    .ARM.Collect$$libinit$$0000001D  c_w.l(libinit2.o)
    0x08000240   0x08000240   0x00000000   Code   RO         8793    .ARM.Collect$$libinit$$0000001F  c_w.l(libinit2.o)
    0x08000240   0x08000240   0x00000000   Code   RO         8795    .ARM.Collect$$libinit$$00000021  c_w.l(libinit2.o)
    0x08000240   0x08000240   0x00000000   Code   RO         8797    .ARM.Collect$$libinit$$00000023  c_w.l(libinit2.o)
    0x08000240   0x08000240   0x00000000   Code   RO         8799    .ARM.Collect$$libinit$$00000025  c_w.l(libinit2.o)
    0x08000240   0x08000240   0x00000000   Code   RO         8803    .ARM.Collect$$libinit$$0000002C  c_w.l(libinit2.o)
    0x08000240   0x08000240   0x00000000   Code   RO         8805    .ARM.Collect$$libinit$$0000002E  c_w.l(libinit2.o)
    0x08000240   0x08000240   0x00000000   Code   RO         8807    .ARM.Collect$$libinit$$00000030  c_w.l(libinit2.o)
    0x08000240   0x08000240   0x00000000   Code   RO         8809    .ARM.Collect$$libinit$$00000032  c_w.l(libinit2.o)
    0x08000240   0x08000240   0x00000002   Code   RO         8810    .ARM.Collect$$libinit$$00000033  c_w.l(libinit2.o)
    0x08000242   0x08000242   0x00000002   Code   RO         8994    .ARM.Collect$$libshutdown$$00000000  c_w.l(libshutdown.o)
    0x08000244   0x08000244   0x00000000   Code   RO         8952    .ARM.Collect$$libshutdown$$00000002  c_w.l(libshutdown2.o)
    0x08000244   0x08000244   0x00000000   Code   RO         8954    .ARM.Collect$$libshutdown$$00000004  c_w.l(libshutdown2.o)
    0x08000244   0x08000244   0x00000000   Code   RO         8957    .ARM.Collect$$libshutdown$$00000007  c_w.l(libshutdown2.o)
    0x08000244   0x08000244   0x00000000   Code   RO         8960    .ARM.Collect$$libshutdown$$0000000A  c_w.l(libshutdown2.o)
    0x08000244   0x08000244   0x00000000   Code   RO         8962    .ARM.Collect$$libshutdown$$0000000C  c_w.l(libshutdown2.o)
    0x08000244   0x08000244   0x00000000   Code   RO         8965    .ARM.Collect$$libshutdown$$0000000F  c_w.l(libshutdown2.o)
    0x08000244   0x08000244   0x00000002   Code   RO         8966    .ARM.Collect$$libshutdown$$00000010  c_w.l(libshutdown2.o)
    0x08000246   0x08000246   0x00000000   Code   RO         8721    .ARM.Collect$$rtentry$$00000000  c_w.l(__rtentry.o)
    0x08000246   0x08000246   0x00000000   Code   RO         8826    .ARM.Collect$$rtentry$$00000002  c_w.l(__rtentry2.o)
    0x08000246   0x08000246   0x00000006   Code   RO         8838    .ARM.Collect$$rtentry$$00000004  c_w.l(__rtentry4.o)
    0x0800024c   0x0800024c   0x00000000   Code   RO         8828    .ARM.Collect$$rtentry$$00000009  c_w.l(__rtentry2.o)
    0x0800024c   0x0800024c   0x00000004   Code   RO         8829    .ARM.Collect$$rtentry$$0000000A  c_w.l(__rtentry2.o)
    0x08000250   0x08000250   0x00000000   Code   RO         8831    .ARM.Collect$$rtentry$$0000000C  c_w.l(__rtentry2.o)
    0x08000250   0x08000250   0x00000008   Code   RO         8832    .ARM.Collect$$rtentry$$0000000D  c_w.l(__rtentry2.o)
    0x08000258   0x08000258   0x00000002   Code   RO         8939    .ARM.Collect$$rtexit$$00000000  c_w.l(rtexit.o)
    0x0800025a   0x0800025a   0x00000000   Code   RO         8970    .ARM.Collect$$rtexit$$00000002  c_w.l(rtexit2.o)
    0x0800025a   0x0800025a   0x00000004   Code   RO         8971    .ARM.Collect$$rtexit$$00000003  c_w.l(rtexit2.o)
    0x0800025e   0x0800025e   0x00000006   Code   RO         8972    .ARM.Collect$$rtexit$$00000004  c_w.l(rtexit2.o)
    0x08000264   0x08000264   0x000000be   Code   RO         8339    .emb_text           port.o
    0x08000322   0x08000322   0x00000002   PAD
    0x08000324   0x08000324   0x00000000   Code   RO         8849    .emb_text           c_w.l(maybetermalloc1.o)
    0x08000324   0x08000324   0x00000040   Code   RO            4    .text               startup_stm32f407xx.o
    0x08000364   0x08000364   0x0000005e   Code   RO         8561    .text               c_w.l(h1_alloc.o)
    0x080003c2   0x080003c2   0x0000004e   Code   RO         8563    .text               c_w.l(h1_free.o)
    0x08000410   0x08000410   0x000000ee   Code   RO         8619    .text               c_w.l(lludivv7m.o)
    0x080004fe   0x080004fe   0x00000002   PAD
    0x08000500   0x08000500   0x00000018   Code   RO         8625    .text               c_w.l(noretval__2printf.o)
    0x08000518   0x08000518   0x00000028   Code   RO         8627    .text               c_w.l(noretval__2sprintf.o)
    0x08000540   0x08000540   0x0000004e   Code   RO         8631    .text               c_w.l(_printf_pad.o)
    0x0800058e   0x0800058e   0x00000052   Code   RO         8633    .text               c_w.l(_printf_str.o)
    0x080005e0   0x080005e0   0x00000078   Code   RO         8635    .text               c_w.l(_printf_dec.o)
    0x08000658   0x08000658   0x00000058   Code   RO         8640    .text               c_w.l(_printf_hex_int.o)
    0x080006b0   0x080006b0   0x00000138   Code   RO         8670    .text               c_w.l(__printf_flags_wp.o)
    0x080007e8   0x080007e8   0x00000024   Code   RO         8683    .text               c_w.l(strstr.o)
    0x0800080c   0x0800080c   0x0000003e   Code   RO         8685    .text               c_w.l(strlen.o)
    0x0800084a   0x0800084a   0x0000008a   Code   RO         8687    .text               c_w.l(rt_memcpy_v6.o)
    0x080008d4   0x080008d4   0x00000064   Code   RO         8689    .text               c_w.l(rt_memcpy_w.o)
    0x08000938   0x08000938   0x00000010   Code   RO         8693    .text               c_w.l(aeabi_memset.o)
    0x08000948   0x08000948   0x00000044   Code   RO         8695    .text               c_w.l(rt_memclr.o)
    0x0800098c   0x0800098c   0x0000004e   Code   RO         8697    .text               c_w.l(rt_memclr_w.o)
    0x080009da   0x080009da   0x00000006   Code   RO         8699    .text               c_w.l(heapauxi.o)
    0x080009e0   0x080009e0   0x00000008   Code   RO         8729    .text               c_w.l(rt_heap_descriptor_intlibspace.o)
    0x080009e8   0x080009e8   0x00000004   Code   RO         8731    .text               c_w.l(hguard.o)
    0x080009ec   0x080009ec   0x0000008a   Code   RO         8733    .text               c_w.l(init_alloc.o)
    0x08000a76   0x08000a76   0x0000000e   Code   RO         8737    .text               c_w.l(h1_init.o)
    0x08000a84   0x08000a84   0x000000b2   Code   RO         8751    .text               c_w.l(_printf_intcommon.o)
    0x08000b36   0x08000b36   0x00000002   PAD
    0x08000b38   0x08000b38   0x00000030   Code   RO         8755    .text               c_w.l(_printf_char_common.o)
    0x08000b68   0x08000b68   0x0000000a   Code   RO         8757    .text               c_w.l(_sputc.o)
    0x08000b72   0x08000b72   0x0000002c   Code   RO         8759    .text               c_w.l(_printf_char.o)
    0x08000b9e   0x08000b9e   0x00000002   PAD
    0x08000ba0   0x08000ba0   0x00000024   Code   RO         8761    .text               c_w.l(_printf_char_file.o)
    0x08000bc4   0x08000bc4   0x00000008   Code   RO         8822    .text               c_w.l(libspace.o)
    0x08000bcc   0x08000bcc   0x00000034   Code   RO         8851    .text               c_w.l(h1_extend.o)
    0x08000c00   0x08000c00   0x00000008   Code   RO         8886    .text               c_w.l(ferror.o)
    0x08000c08   0x08000c08   0x0000000e   Code   RO         8893    .text               c_w.l(defsig_rtmem_outer.o)
    0x08000c16   0x08000c16   0x00000002   Code   RO         8908    .text               c_w.l(use_no_semi.o)
    0x08000c18   0x08000c18   0x00000000   Code   RO         8910    .text               c_w.l(indicate_semi.o)
    0x08000c18   0x08000c18   0x0000004a   Code   RO         8911    .text               c_w.l(sys_stackheap_outer.o)
    0x08000c62   0x08000c62   0x00000012   Code   RO         8917    .text               c_w.l(exit.o)
    0x08000c74   0x08000c74   0x0000000a   Code   RO         8919    .text               c_w.l(defsig_exit.o)
    0x08000c7e   0x08000c7e   0x00000002   PAD
    0x08000c80   0x08000c80   0x00000050   Code   RO         8925    .text               c_w.l(defsig_rtmem_inner.o)
    0x08000cd0   0x08000cd0   0x00000032   Code   RO         8947    .text               c_w.l(defsig_general.o)
    0x08000d02   0x08000d02   0x0000000e   Code   RO         8967    .text               c_w.l(sys_wrch.o)
    0x08000d10   0x08000d10   0x00000018   Code   RO         5953    i.BSP_PlatformIsDetected  fatfs_platform.o
    0x08000d28   0x08000d28   0x00000002   Code   RO         5755    i.BSP_SD_AbortCallback  bsp_driver_sd.o
    0x08000d2a   0x08000d2a   0x00000002   PAD
    0x08000d2c   0x08000d2c   0x00000014   Code   RO         5758    i.BSP_SD_GetCardInfo  bsp_driver_sd.o
    0x08000d40   0x08000d40   0x00000018   Code   RO         5759    i.BSP_SD_GetCardState  bsp_driver_sd.o
    0x08000d58   0x08000d58   0x00000030   Code   RO         5761    i.BSP_SD_Init       bsp_driver_sd.o
    0x08000d88   0x08000d88   0x00000016   Code   RO         5762    i.BSP_SD_IsDetected  bsp_driver_sd.o
    0x08000d9e   0x08000d9e   0x00000002   PAD
    0x08000da0   0x08000da0   0x00000028   Code   RO         5764    i.BSP_SD_ReadBlocks_DMA  bsp_driver_sd.o
    0x08000dc8   0x08000dc8   0x0000001c   Code   RO         5876    i.BSP_SD_ReadCpltCallback  sd_diskio.o
    0x08000de4   0x08000de4   0x00000028   Code   RO         5767    i.BSP_SD_WriteBlocks_DMA  bsp_driver_sd.o
    0x08000e0c   0x08000e0c   0x0000001c   Code   RO         5877    i.BSP_SD_WriteCpltCallback  sd_diskio.o
    0x08000e28   0x08000e28   0x00000004   Code   RO          691    i.BusFault_Handler  stm32f4xx_it.o
    0x08000e2c   0x08000e2c   0x00000010   Code   RO          692    i.DMA2_Stream3_IRQHandler  stm32f4xx_it.o
    0x08000e3c   0x08000e3c   0x00000010   Code   RO          693    i.DMA2_Stream6_IRQHandler  stm32f4xx_it.o
    0x08000e4c   0x08000e4c   0x00000034   Code   RO         2488    i.DMA_CalcBaseAndBitshift  stm32f4xx_hal_dma.o
    0x08000e80   0x08000e80   0x000000aa   Code   RO         2489    i.DMA_CheckFifoParam  stm32f4xx_hal_dma.o
    0x08000f2a   0x08000f2a   0x0000002c   Code   RO         2490    i.DMA_SetConfig     stm32f4xx_hal_dma.o
    0x08000f56   0x08000f56   0x00000002   Code   RO          694    i.DebugMon_Handler  stm32f4xx_it.o
    0x08000f58   0x08000f58   0x00000006   Code   RO           13    i.Error_Handler     main.o
    0x08000f5e   0x08000f5e   0x00000012   Code   RO         6486    i.FATFS_LinkDriver  ff_gen_drv.o
    0x08000f70   0x08000f70   0x00000054   Code   RO         6487    i.FATFS_LinkDriverEx  ff_gen_drv.o
    0x08000fc4   0x08000fc4   0x0000005c   Code   RO         2258    i.FLASH_Erase_Sector  stm32f4xx_hal_flash_ex.o
    0x08001020   0x08001020   0x00000078   Code   RO         2259    i.FLASH_FlushCaches  stm32f4xx_hal_flash_ex.o
    0x08001098   0x08001098   0x00000030   Code   RO         2260    i.FLASH_MassErase   stm32f4xx_hal_flash_ex.o
    0x080010c8   0x080010c8   0x00000024   Code   RO         2140    i.FLASH_Program_Byte  stm32f4xx_hal_flash.o
    0x080010ec   0x080010ec   0x0000003c   Code   RO         2141    i.FLASH_Program_DoubleWord  stm32f4xx_hal_flash.o
    0x08001128   0x08001128   0x00000028   Code   RO         2142    i.FLASH_Program_HalfWord  stm32f4xx_hal_flash.o
    0x08001150   0x08001150   0x00000028   Code   RO         2143    i.FLASH_Program_Word  stm32f4xx_hal_flash.o
    0x08001178   0x08001178   0x00000098   Code   RO         2144    i.FLASH_SetErrorCode  stm32f4xx_hal_flash.o
    0x08001210   0x08001210   0x00000064   Code   RO         2145    i.FLASH_WaitForLastOperation  stm32f4xx_hal_flash.o
    0x08001274   0x08001274   0x00000038   Code   RO          513    i.Frame_Timeout_Timer_Start  tim.o
    0x080012ac   0x080012ac   0x00000044   Code   RO          514    i.Frame_Timeout_Timer_Stop  tim.o
    0x080012f0   0x080012f0   0x00000092   Code   RO         5519    i.G2_SERVER_PACKET_serialize  protocol.o
    0x08001382   0x08001382   0x00000002   PAD
    0x08001384   0x08001384   0x00000044   Code   RO         8459    i.GPRS_RecvTimeout_Process  gprs_send_task.o
    0x080013c8   0x080013c8   0x0000004c   Code   RO         8419    i.GPRS_Recv_Process  gprs_recv_task.o
    0x08001414   0x08001414   0x00000008   Code   RO         8460    i.GPRS_Resend_Start  gprs_send_task.o
    0x0800141c   0x0800141c   0x00000020   Code   RO          592    i.GPRS_Send_Data_IT  usart.o
    0x0800143c   0x0800143c   0x0000005c   Code   RO         8461    i.GPRS_Send_Start   gprs_send_task.o
    0x08001498   0x08001498   0x000000e4   Code   RO         5091    i.GetSector         stm_flash.o
    0x0800157c   0x0800157c   0x00000026   Code   RO         5092    i.GetSectorSize     stm_flash.o
    0x080015a2   0x080015a2   0x000000ac   Code   RO         2491    i.HAL_DMA_Abort     stm32f4xx_hal_dma.o
    0x0800164e   0x0800164e   0x00000028   Code   RO         2492    i.HAL_DMA_Abort_IT  stm32f4xx_hal_dma.o
    0x08001676   0x08001676   0x00000006   Code   RO         2494    i.HAL_DMA_GetError  stm32f4xx_hal_dma.o
    0x0800167c   0x0800167c   0x00000240   Code   RO         2496    i.HAL_DMA_IRQHandler  stm32f4xx_hal_dma.o
    0x080018bc   0x080018bc   0x000000ec   Code   RO         2497    i.HAL_DMA_Init      stm32f4xx_hal_dma.o
    0x080019a8   0x080019a8   0x00000092   Code   RO         2501    i.HAL_DMA_Start_IT  stm32f4xx_hal_dma.o
    0x08001a3a   0x08001a3a   0x00000002   PAD
    0x08001a3c   0x08001a3c   0x00000028   Code   RO         2915    i.HAL_Delay         stm32f4xx_hal.o
    0x08001a64   0x08001a64   0x000000ac   Code   RO         2270    i.HAL_FLASHEx_Erase  stm32f4xx_hal_flash_ex.o
    0x08001b10   0x08001b10   0x00000014   Code   RO         2149    i.HAL_FLASH_Lock    stm32f4xx_hal_flash.o
    0x08001b24   0x08001b24   0x00000098   Code   RO         2154    i.HAL_FLASH_Program  stm32f4xx_hal_flash.o
    0x08001bbc   0x08001bbc   0x00000034   Code   RO         2156    i.HAL_FLASH_Unlock  stm32f4xx_hal_flash.o
    0x08001bf0   0x08001bf0   0x000001f0   Code   RO         2384    i.HAL_GPIO_Init     stm32f4xx_hal_gpio.o
    0x08001de0   0x08001de0   0x00000010   Code   RO         2386    i.HAL_GPIO_ReadPin  stm32f4xx_hal_gpio.o
    0x08001df0   0x08001df0   0x00000014   Code   RO         2387    i.HAL_GPIO_TogglePin  stm32f4xx_hal_gpio.o
    0x08001e04   0x08001e04   0x0000000c   Code   RO         2388    i.HAL_GPIO_WritePin  stm32f4xx_hal_gpio.o
    0x08001e10   0x08001e10   0x0000000c   Code   RO         2921    i.HAL_GetTick       stm32f4xx_hal.o
    0x08001e1c   0x08001e1c   0x00000018   Code   RO         2927    i.HAL_IncTick       stm32f4xx_hal.o
    0x08001e34   0x08001e34   0x0000003c   Code   RO         2928    i.HAL_Init          stm32f4xx_hal.o
    0x08001e70   0x08001e70   0x0000008c   Code   RO          821    i.HAL_InitTick      stm32f4xx_hal_timebase_tim.o
    0x08001efc   0x08001efc   0x00000054   Code   RO          797    i.HAL_MspInit       stm32f4xx_hal_msp.o
    0x08001f50   0x08001f50   0x00000020   Code   RO         2773    i.HAL_NVIC_EnableIRQ  stm32f4xx_hal_cortex.o
    0x08001f70   0x08001f70   0x0000007c   Code   RO         2779    i.HAL_NVIC_SetPriority  stm32f4xx_hal_cortex.o
    0x08001fec   0x08001fec   0x00000028   Code   RO         2780    i.HAL_NVIC_SetPriorityGrouping  stm32f4xx_hal_cortex.o
    0x08002014   0x08002014   0x00000184   Code   RO         1985    i.HAL_RCC_ClockConfig  stm32f4xx_hal_rcc.o
    0x08002198   0x08002198   0x00000044   Code   RO         1989    i.HAL_RCC_GetClockConfig  stm32f4xx_hal_rcc.o
    0x080021dc   0x080021dc   0x0000000c   Code   RO         1990    i.HAL_RCC_GetHCLKFreq  stm32f4xx_hal_rcc.o
    0x080021e8   0x080021e8   0x00000020   Code   RO         1992    i.HAL_RCC_GetPCLK1Freq  stm32f4xx_hal_rcc.o
    0x08002208   0x08002208   0x00000020   Code   RO         1993    i.HAL_RCC_GetPCLK2Freq  stm32f4xx_hal_rcc.o
    0x08002228   0x08002228   0x000000b0   Code   RO         1994    i.HAL_RCC_GetSysClockFreq  stm32f4xx_hal_rcc.o
    0x080022d8   0x080022d8   0x0000049c   Code   RO         1997    i.HAL_RCC_OscConfig  stm32f4xx_hal_rcc.o
    0x08002774   0x08002774   0x0000000a   Code   RO         5769    i.HAL_SD_AbortCallback  bsp_driver_sd.o
    0x0800277e   0x0800277e   0x00000002   PAD
    0x08002780   0x08002780   0x000000c8   Code   RO         3451    i.HAL_SD_ConfigWideBusOperation  stm32f4xx_hal_sd.o
    0x08002848   0x08002848   0x00000002   Code   RO         3454    i.HAL_SD_ErrorCallback  stm32f4xx_hal_sd.o
    0x0800284a   0x0800284a   0x00000002   PAD
    0x0800284c   0x0800284c   0x000001c8   Code   RO         3456    i.HAL_SD_GetCardCSD  stm32f4xx_hal_sd.o
    0x08002a14   0x08002a14   0x00000026   Code   RO         3457    i.HAL_SD_GetCardInfo  stm32f4xx_hal_sd.o
    0x08002a3a   0x08002a3a   0x00000024   Code   RO         3458    i.HAL_SD_GetCardState  stm32f4xx_hal_sd.o
    0x08002a5e   0x08002a5e   0x00000002   PAD
    0x08002a60   0x08002a60   0x0000021c   Code   RO         3462    i.HAL_SD_IRQHandler  stm32f4xx_hal_sd.o
    0x08002c7c   0x08002c7c   0x0000003c   Code   RO         3463    i.HAL_SD_Init       stm32f4xx_hal_sd.o
    0x08002cb8   0x08002cb8   0x000000ac   Code   RO         3464    i.HAL_SD_InitCard   stm32f4xx_hal_sd.o
    0x08002d64   0x08002d64   0x0000018c   Code   RO          427    i.HAL_SD_MspInit    sdio.o
    0x08002ef0   0x08002ef0   0x00000150   Code   RO         3468    i.HAL_SD_ReadBlocks_DMA  stm32f4xx_hal_sd.o
    0x08003040   0x08003040   0x0000000a   Code   RO         5770    i.HAL_SD_RxCpltCallback  bsp_driver_sd.o
    0x0800304a   0x0800304a   0x0000000a   Code   RO         5771    i.HAL_SD_TxCpltCallback  bsp_driver_sd.o
    0x08003054   0x08003054   0x00000154   Code   RO         3473    i.HAL_SD_WriteBlocks_DMA  stm32f4xx_hal_sd.o
    0x080031a8   0x080031a8   0x00000002   Code   RO         4420    i.HAL_TIMEx_BreakCallback  stm32f4xx_hal_tim_ex.o
    0x080031aa   0x080031aa   0x00000002   Code   RO         4421    i.HAL_TIMEx_CommutCallback  stm32f4xx_hal_tim_ex.o
    0x080031ac   0x080031ac   0x000000b4   Code   RO         4439    i.HAL_TIMEx_MasterConfigSynchronization  stm32f4xx_hal_tim_ex.o
    0x08003260   0x08003260   0x00000066   Code   RO         3705    i.HAL_TIM_Base_Init  stm32f4xx_hal_tim.o
    0x080032c6   0x080032c6   0x00000002   PAD
    0x080032c8   0x080032c8   0x00000088   Code   RO          516    i.HAL_TIM_Base_MspInit  tim.o
    0x08003350   0x08003350   0x000000a8   Code   RO         3710    i.HAL_TIM_Base_Start_IT  stm32f4xx_hal_tim.o
    0x080033f8   0x080033f8   0x0000010c   Code   RO         3714    i.HAL_TIM_ConfigClockSource  stm32f4xx_hal_tim.o
    0x08003504   0x08003504   0x00000002   Code   RO         3739    i.HAL_TIM_IC_CaptureCallback  stm32f4xx_hal_tim.o
    0x08003506   0x08003506   0x00000196   Code   RO         3753    i.HAL_TIM_IRQHandler  stm32f4xx_hal_tim.o
    0x0800369c   0x0800369c   0x00000002   Code   RO         3756    i.HAL_TIM_OC_DelayElapsedCallback  stm32f4xx_hal_tim.o
    0x0800369e   0x0800369e   0x00000002   Code   RO         3783    i.HAL_TIM_PWM_PulseFinishedCallback  stm32f4xx_hal_tim.o
    0x080036a0   0x080036a0   0x00000060   Code   RO           14    i.HAL_TIM_PeriodElapsedCallback  main.o
    0x08003700   0x08003700   0x00000002   Code   RO         3796    i.HAL_TIM_TriggerCallback  stm32f4xx_hal_tim.o
    0x08003702   0x08003702   0x00000002   Code   RO         4698    i.HAL_UARTEx_RxEventCallback  stm32f4xx_hal_uart.o
    0x08003704   0x08003704   0x00000002   Code   RO         4712    i.HAL_UART_ErrorCallback  stm32f4xx_hal_uart.o
    0x08003706   0x08003706   0x00000002   PAD
    0x08003708   0x08003708   0x000002e0   Code   RO         4715    i.HAL_UART_IRQHandler  stm32f4xx_hal_uart.o
    0x080039e8   0x080039e8   0x00000072   Code   RO         4716    i.HAL_UART_Init     stm32f4xx_hal_uart.o
    0x08003a5a   0x08003a5a   0x00000002   PAD
    0x08003a5c   0x08003a5c   0x0000011c   Code   RO          594    i.HAL_UART_MspInit  usart.o
    0x08003b78   0x08003b78   0x00000042   Code   RO         4721    i.HAL_UART_Receive_IT  stm32f4xx_hal_uart.o
    0x08003bba   0x08003bba   0x00000002   PAD
    0x08003bbc   0x08003bbc   0x00000088   Code   RO          595    i.HAL_UART_RxCpltCallback  usart.o
    0x08003c44   0x08003c44   0x000000d2   Code   RO         4724    i.HAL_UART_Transmit  stm32f4xx_hal_uart.o
    0x08003d16   0x08003d16   0x00000058   Code   RO         4726    i.HAL_UART_Transmit_IT  stm32f4xx_hal_uart.o
    0x08003d6e   0x08003d6e   0x00000002   PAD
    0x08003d70   0x08003d70   0x00000068   Code   RO          596    i.HAL_UART_TxCpltCallback  usart.o
    0x08003dd8   0x08003dd8   0x0000000a   Code   RO          695    i.HardFault_Handler  stm32f4xx_it.o
    0x08003de2   0x08003de2   0x00000002   PAD
    0x08003de4   0x08003de4   0x000000d0   Code   RO         5094    i.InternalFlash_Test1  stm_flash.o
    0x08003eb4   0x08003eb4   0x00000048   Code   RO          400    i.MX_DMA_Init       dma.o
    0x08003efc   0x08003efc   0x0000001c   Code   RO         5977    i.MX_FATFS_Init     fatfs.o
    0x08003f18   0x08003f18   0x000000c8   Code   RO          312    i.MX_FREERTOS_Init  freertos.o
    0x08003fe0   0x08003fe0   0x00000144   Code   RO          264    i.MX_GPIO_Init      gpio.o
    0x08004124   0x08004124   0x00000024   Code   RO          428    i.MX_SDIO_SD_Init   sdio.o
    0x08004148   0x08004148   0x000000a0   Code   RO          517    i.MX_TIM5_Init      tim.o
    0x080041e8   0x080041e8   0x00000080   Code   RO          518    i.MX_TIM9_Init      tim.o
    0x08004268   0x08004268   0x00000044   Code   RO          597    i.MX_USART1_UART_Init  usart.o
    0x080042ac   0x080042ac   0x00000044   Code   RO          598    i.MX_USART6_UART_Init  usart.o
    0x080042f0   0x080042f0   0x00000004   Code   RO          696    i.MemManage_Handler  stm32f4xx_it.o
    0x080042f4   0x080042f4   0x00000004   Code   RO          697    i.NMI_Handler       stm32f4xx_it.o
    0x080042f8   0x080042f8   0x00000038   Code   RO          519    i.Recvdata_Timeout_Timer_Start  tim.o
    0x08004330   0x08004330   0x00000044   Code   RO          520    i.Recvdata_Timeout_Timer_Stop  tim.o
    0x08004374   0x08004374   0x0000002c   Code   RO         3166    i.SDIO_ConfigData   stm32f4xx_ll_sdmmc.o
    0x080043a0   0x080043a0   0x00000008   Code   RO         3167    i.SDIO_GetCommandResponse  stm32f4xx_ll_sdmmc.o
    0x080043a8   0x080043a8   0x0000000a   Code   RO         3170    i.SDIO_GetPowerState  stm32f4xx_ll_sdmmc.o
    0x080043b2   0x080043b2   0x0000000c   Code   RO         3171    i.SDIO_GetResponse  stm32f4xx_ll_sdmmc.o
    0x080043be   0x080043be   0x00000002   PAD
    0x080043c0   0x080043c0   0x00000010   Code   RO          698    i.SDIO_IRQHandler   stm32f4xx_it.o
    0x080043d0   0x080043d0   0x00000034   Code   RO         3172    i.SDIO_Init         stm32f4xx_ll_sdmmc.o
    0x08004404   0x08004404   0x00000012   Code   RO         3174    i.SDIO_PowerState_ON  stm32f4xx_ll_sdmmc.o
    0x08004416   0x08004416   0x00000008   Code   RO         3175    i.SDIO_ReadFIFO     stm32f4xx_ll_sdmmc.o
    0x0800441e   0x0800441e   0x00000028   Code   RO         3176    i.SDIO_SendCommand  stm32f4xx_ll_sdmmc.o
    0x08004446   0x08004446   0x0000000c   Code   RO         3178    i.SDIO_WriteFIFO    stm32f4xx_ll_sdmmc.o
    0x08004452   0x08004452   0x00000038   Code   RO         3179    i.SDMMC_CmdAppCommand  stm32f4xx_ll_sdmmc.o
    0x0800448a   0x0800448a   0x00000002   PAD
    0x0800448c   0x0800448c   0x0000003c   Code   RO         3180    i.SDMMC_CmdAppOperCommand  stm32f4xx_ll_sdmmc.o
    0x080044c8   0x080044c8   0x00000038   Code   RO         3181    i.SDMMC_CmdBlockLength  stm32f4xx_ll_sdmmc.o
    0x08004500   0x08004500   0x00000038   Code   RO         3182    i.SDMMC_CmdBusWidth  stm32f4xx_ll_sdmmc.o
    0x08004538   0x08004538   0x0000002c   Code   RO         3186    i.SDMMC_CmdGoIdleState  stm32f4xx_ll_sdmmc.o
    0x08004564   0x08004564   0x00000034   Code   RO         3188    i.SDMMC_CmdOperCond  stm32f4xx_ll_sdmmc.o
    0x08004598   0x08004598   0x00000038   Code   RO         3189    i.SDMMC_CmdReadMultiBlock  stm32f4xx_ll_sdmmc.o
    0x080045d0   0x080045d0   0x00000038   Code   RO         3190    i.SDMMC_CmdReadSingleBlock  stm32f4xx_ll_sdmmc.o
    0x08004608   0x08004608   0x0000003a   Code   RO         3193    i.SDMMC_CmdSelDesel  stm32f4xx_ll_sdmmc.o
    0x08004642   0x08004642   0x00000032   Code   RO         3194    i.SDMMC_CmdSendCID  stm32f4xx_ll_sdmmc.o
    0x08004674   0x08004674   0x00000032   Code   RO         3195    i.SDMMC_CmdSendCSD  stm32f4xx_ll_sdmmc.o
    0x080046a6   0x080046a6   0x00000038   Code   RO         3197    i.SDMMC_CmdSendSCR  stm32f4xx_ll_sdmmc.o
    0x080046de   0x080046de   0x00000038   Code   RO         3198    i.SDMMC_CmdSendStatus  stm32f4xx_ll_sdmmc.o
    0x08004716   0x08004716   0x00000038   Code   RO         3199    i.SDMMC_CmdSetRelAdd  stm32f4xx_ll_sdmmc.o
    0x0800474e   0x0800474e   0x00000002   PAD
    0x08004750   0x08004750   0x0000003c   Code   RO         3201    i.SDMMC_CmdStopTransfer  stm32f4xx_ll_sdmmc.o
    0x0800478c   0x0800478c   0x00000038   Code   RO         3203    i.SDMMC_CmdWriteMultiBlock  stm32f4xx_ll_sdmmc.o
    0x080047c4   0x080047c4   0x00000038   Code   RO         3204    i.SDMMC_CmdWriteSingleBlock  stm32f4xx_ll_sdmmc.o
    0x080047fc   0x080047fc   0x00000040   Code   RO         3205    i.SDMMC_GetCmdError  stm32f4xx_ll_sdmmc.o
    0x0800483c   0x0800483c   0x000001ac   Code   RO         3206    i.SDMMC_GetCmdResp1  stm32f4xx_ll_sdmmc.o
    0x080049e8   0x080049e8   0x00000064   Code   RO         3207    i.SDMMC_GetCmdResp2  stm32f4xx_ll_sdmmc.o
    0x08004a4c   0x08004a4c   0x00000058   Code   RO         3208    i.SDMMC_GetCmdResp3  stm32f4xx_ll_sdmmc.o
    0x08004aa4   0x08004aa4   0x000000b8   Code   RO         3209    i.SDMMC_GetCmdResp6  stm32f4xx_ll_sdmmc.o
    0x08004b5c   0x08004b5c   0x0000006c   Code   RO         3210    i.SDMMC_GetCmdResp7  stm32f4xx_ll_sdmmc.o
    0x08004bc8   0x08004bc8   0x00000028   Code   RO         5878    i.SD_CheckStatus    sd_diskio.o
    0x08004bf0   0x08004bf0   0x00000026   Code   RO         5879    i.SD_CheckStatusWithTimeout  sd_diskio.o
    0x08004c16   0x08004c16   0x00000002   PAD
    0x08004c18   0x08004c18   0x00000074   Code   RO         3475    i.SD_DMAError       stm32f4xx_hal_sd.o
    0x08004c8c   0x08004c8c   0x00000048   Code   RO         3476    i.SD_DMAReceiveCplt  stm32f4xx_hal_sd.o
    0x08004cd4   0x08004cd4   0x00000048   Code   RO         3477    i.SD_DMARxAbort     stm32f4xx_hal_sd.o
    0x08004d1c   0x08004d1c   0x00000012   Code   RO         3478    i.SD_DMATransmitCplt  stm32f4xx_hal_sd.o
    0x08004d2e   0x08004d2e   0x00000048   Code   RO         3479    i.SD_DMATxAbort     stm32f4xx_hal_sd.o
    0x08004d76   0x08004d76   0x00000142   Code   RO         3480    i.SD_FindSCR        stm32f4xx_hal_sd.o
    0x08004eb8   0x08004eb8   0x00000102   Code   RO         3481    i.SD_InitCard       stm32f4xx_hal_sd.o
    0x08004fba   0x08004fba   0x00000002   PAD
    0x08004fbc   0x08004fbc   0x000000cc   Code   RO         3483    i.SD_PowerON        stm32f4xx_hal_sd.o
    0x08005088   0x08005088   0x0000004a   Code   RO         3484    i.SD_Read_IT        stm32f4xx_hal_sd.o
    0x080050d2   0x080050d2   0x00000030   Code   RO         3486    i.SD_SendStatus     stm32f4xx_hal_sd.o
    0x08005102   0x08005102   0x00000068   Code   RO         3487    i.SD_WideBus_Disable  stm32f4xx_hal_sd.o
    0x0800516a   0x0800516a   0x00000068   Code   RO         3488    i.SD_WideBus_Enable  stm32f4xx_hal_sd.o
    0x080051d2   0x080051d2   0x00000054   Code   RO         3489    i.SD_Write_IT       stm32f4xx_hal_sd.o
    0x08005226   0x08005226   0x00000002   PAD
    0x08005228   0x08005228   0x00000060   Code   RO         5880    i.SD_initialize     sd_diskio.o
    0x08005288   0x08005288   0x0000006c   Code   RO         5881    i.SD_ioctl          sd_diskio.o
    0x080052f4   0x080052f4   0x00000078   Code   RO         5882    i.SD_read           sd_diskio.o
    0x0800536c   0x0800536c   0x0000000c   Code   RO         5883    i.SD_status         sd_diskio.o
    0x08005378   0x08005378   0x00000078   Code   RO         5884    i.SD_write          sd_diskio.o
    0x080053f0   0x080053f0   0x00000006   Code   RO         5095    i.STMFLASH_ReadWord  stm_flash.o
    0x080053f6   0x080053f6   0x0000000a   Code   RO          313    i.StartDefaultTask  freertos.o
    0x08005400   0x08005400   0x00000038   Code   RO          314    i.Start_GPRSRecvTask  freertos.o
    0x08005438   0x08005438   0x0000002c   Code   RO          315    i.Start_GPRSSendTask  freertos.o
    0x08005464   0x08005464   0x00000054   Code   RO          316    i.StartupdateTask   freertos.o
    0x080054b8   0x080054b8   0x00000016   Code   RO         7760    i.SysTick_Handler   cmsis_os2.o
    0x080054ce   0x080054ce   0x00000002   PAD
    0x080054d0   0x080054d0   0x000000b0   Code   RO           15    i.SystemClock_Config  main.o
    0x08005580   0x08005580   0x00000014   Code   RO         5055    i.SystemInit        system_stm32f4xx.o
    0x08005594   0x08005594   0x00000010   Code   RO          699    i.TIM1_BRK_TIM9_IRQHandler  stm32f4xx_it.o
    0x080055a4   0x080055a4   0x00000010   Code   RO          700    i.TIM1_UP_TIM10_IRQHandler  stm32f4xx_it.o
    0x080055b4   0x080055b4   0x00000010   Code   RO          701    i.TIM5_IRQHandler   stm32f4xx_it.o
    0x080055c4   0x080055c4   0x000000d8   Code   RO         3798    i.TIM_Base_SetConfig  stm32f4xx_hal_tim.o
    0x0800569c   0x0800569c   0x00000016   Code   RO         3809    i.TIM_ETR_SetConfig  stm32f4xx_hal_tim.o
    0x080056b2   0x080056b2   0x00000012   Code   RO         3810    i.TIM_ITRx_SetConfig  stm32f4xx_hal_tim.o
    0x080056c4   0x080056c4   0x00000026   Code   RO         3816    i.TIM_TI1_ConfigInputStage  stm32f4xx_hal_tim.o
    0x080056ea   0x080056ea   0x00000028   Code   RO         3818    i.TIM_TI2_ConfigInputStage  stm32f4xx_hal_tim.o
    0x08005712   0x08005712   0x00000002   PAD
    0x08005714   0x08005714   0x00000010   Code   RO          265    i.ToggleLED1        gpio.o
    0x08005724   0x08005724   0x00000010   Code   RO          266    i.ToggleLED2        gpio.o
    0x08005734   0x08005734   0x00000014   Code   RO         4729    i.UART_DMAAbortOnError  stm32f4xx_hal_uart.o
    0x08005748   0x08005748   0x0000006c   Code   RO         4739    i.UART_EndRxTransfer  stm32f4xx_hal_uart.o
    0x080057b4   0x080057b4   0x00000020   Code   RO         4740    i.UART_EndTransmit_IT  stm32f4xx_hal_uart.o
    0x080057d4   0x080057d4   0x000000f8   Code   RO         4742    i.UART_Receive_IT   stm32f4xx_hal_uart.o
    0x080058cc   0x080058cc   0x0000022c   Code   RO         4743    i.UART_SetConfig    stm32f4xx_hal_uart.o
    0x08005af8   0x08005af8   0x00000046   Code   RO         4745    i.UART_Start_Receive_IT  stm32f4xx_hal_uart.o
    0x08005b3e   0x08005b3e   0x00000060   Code   RO         4746    i.UART_Transmit_IT  stm32f4xx_hal_uart.o
    0x08005b9e   0x08005b9e   0x00000092   Code   RO         4747    i.UART_WaitOnFlagUntilTimeout  stm32f4xx_hal_uart.o
    0x08005c30   0x08005c30   0x00000010   Code   RO          702    i.USART1_IRQHandler  stm32f4xx_it.o
    0x08005c40   0x08005c40   0x00000010   Code   RO          703    i.USART6_IRQHandler  stm32f4xx_it.o
    0x08005c50   0x08005c50   0x00000004   Code   RO          704    i.UsageFault_Handler  stm32f4xx_it.o
    0x08005c54   0x08005c54   0x00000010   Code   RO         2786    i.__NVIC_GetPriorityGrouping  stm32f4xx_hal_cortex.o
    0x08005c64   0x08005c64   0x00000028   Code   RO         2787    i.__NVIC_SetPriority  stm32f4xx_hal_cortex.o
    0x08005c8c   0x08005c8c   0x00000006   Code   RO         7762    i.__get_IPSR        cmsis_os2.o
    0x08005c92   0x08005c92   0x00000030   Code   RO         5520    i._calculate_crc    protocol.o
    0x08005cc2   0x08005cc2   0x00000002   PAD
    0x08005cc4   0x08005cc4   0x00000044   Code   RO         5521    i._find_header      protocol.o
    0x08005d08   0x08005d08   0x00000022   Code   RO         5171    i._get_crc16        crc16.o
    0x08005d2a   0x08005d2a   0x00000082   Code   RO         5522    i._header_deserialize  protocol.o
    0x08005dac   0x08005dac   0x0000000e   Code   RO         8668    i._is_digit         c_w.l(__printf_wp.o)
    0x08005dba   0x08005dba   0x00000006   Code   RO         5523    i._parse_extra      protocol.o
    0x08005dc0   0x08005dc0   0x0000003c   Code   RO         5524    i._parse_verify_crc  protocol.o
    0x08005dfc   0x08005dfc   0x00000024   Code   RO         5173    i._swap_buffer      crc16.o
    0x08005e20   0x08005e20   0x00000004   Code   RO           16    i._sys_exit         main.o
    0x08005e24   0x08005e24   0x0000001c   Code   RO         5174    i.add_modbus_crc16  crc16.o
    0x08005e40   0x08005e40   0x0000007c   Code   RO         6118    i.check_fs          ff.o
    0x08005ebc   0x08005ebc   0x00000014   Code   RO         6119    i.chk_chr           ff.o
    0x08005ed0   0x08005ed0   0x0000007c   Code   RO         6120    i.chk_lock          ff.o
    0x08005f4c   0x08005f4c   0x0000001c   Code   RO          600    i.clearGPRSRecvData  usart.o
    0x08005f68   0x08005f68   0x00000028   Code   RO         6121    i.clear_lock        ff.o
    0x08005f90   0x08005f90   0x00000036   Code   RO         6122    i.clmt_clust        ff.o
    0x08005fc6   0x08005fc6   0x0000001a   Code   RO         6123    i.clust2sect        ff.o
    0x08005fe0   0x08005fe0   0x00000098   Code   RO         6124    i.cmp_lfn           ff.o
    0x08006078   0x08006078   0x0000007c   Code   RO          601    i.copyUart1ToGPRS   usart.o
    0x080060f4   0x080060f4   0x000000de   Code   RO         6125    i.create_chain      ff.o
    0x080061d2   0x080061d2   0x00000002   PAD
    0x080061d4   0x080061d4   0x00000288   Code   RO         6126    i.create_name       ff.o
    0x0800645c   0x0800645c   0x000000a4   Code   RO         8506    i.data_Updata_Process  data_update_task.o
    0x08006500   0x08006500   0x00000044   Code   RO         6127    i.dec_lock          ff.o
    0x08006544   0x08006544   0x00000060   Code   RO         6128    i.dir_alloc         ff.o
    0x080065a4   0x080065a4   0x000000fc   Code   RO         6129    i.dir_find          ff.o
    0x080066a0   0x080066a0   0x0000011a   Code   RO         6130    i.dir_next          ff.o
    0x080067ba   0x080067ba   0x000000d2   Code   RO         6131    i.dir_read          ff.o
    0x0800688c   0x0800688c   0x00000142   Code   RO         6132    i.dir_register      ff.o
    0x080069ce   0x080069ce   0x000000a6   Code   RO         6134    i.dir_sdi           ff.o
    0x08006a74   0x08006a74   0x0000002c   Code   RO         6063    i.disk_initialize   diskio.o
    0x08006aa0   0x08006aa0   0x00000028   Code   RO         6064    i.disk_ioctl        diskio.o
    0x08006ac8   0x08006ac8   0x00000030   Code   RO         6065    i.disk_read         diskio.o
    0x08006af8   0x08006af8   0x0000001c   Code   RO         6066    i.disk_status       diskio.o
    0x08006b14   0x08006b14   0x00000030   Code   RO         6067    i.disk_write        diskio.o
    0x08006b44   0x08006b44   0x00000028   Code   RO         6135    i.enq_lock          ff.o
    0x08006b6c   0x08006b6c   0x00000034   Code   RO         6138    i.f_close           ff.o
    0x08006ba0   0x08006ba0   0x000002c0   Code   RO         6142    i.f_lseek           ff.o
    0x08006e60   0x08006e60   0x00000084   Code   RO         6145    i.f_mount           ff.o
    0x08006ee4   0x08006ee4   0x00000230   Code   RO         6146    i.f_open            ff.o
    0x08007114   0x08007114   0x0000009c   Code   RO         6147    i.f_opendir         ff.o
    0x080071b0   0x080071b0   0x000001f4   Code   RO         6148    i.f_read            ff.o
    0x080073a4   0x080073a4   0x00000060   Code   RO         6149    i.f_readdir         ff.o
    0x08007404   0x08007404   0x00000080   Code   RO         6152    i.f_sync            ff.o
    0x08007484   0x08007484   0x0000004c   Code   RO         6584    i.ff_convert        ccsbcs.o
    0x080074d0   0x080074d0   0x00000022   Code   RO         6536    i.ff_cre_syncobj    syscall.o
    0x080074f2   0x080074f2   0x0000000e   Code   RO         6537    i.ff_del_syncobj    syscall.o
    0x08007500   0x08007500   0x0000000c   Code   RO         6538    i.ff_rel_grant      syscall.o
    0x0800750c   0x0800750c   0x00000018   Code   RO         6539    i.ff_req_grant      syscall.o
    0x08007524   0x08007524   0x000000a4   Code   RO         6585    i.ff_wtoupper       ccsbcs.o
    0x080075c8   0x080075c8   0x00000360   Code   RO         6156    i.find_volume       ff.o
    0x08007928   0x08007928   0x000000dc   Code   RO         6157    i.follow_path       ff.o
    0x08007a04   0x08007a04   0x0000001c   Code   RO           18    i.fputc             main.o
    0x08007a20   0x08007a20   0x000000b4   Code   RO         6158    i.gen_numname       ff.o
    0x08007ad4   0x08007ad4   0x0000009c   Code   RO         5978    i.getFileData       fatfs.o
    0x08007b70   0x08007b70   0x0000007c   Code   RO         5979    i.getFileList       fatfs.o
    0x08007bec   0x08007bec   0x0000009c   Code   RO         5980    i.getFileSize       fatfs.o
    0x08007c88   0x08007c88   0x0000003c   Code   RO          602    i.getInteger        usart.o
    0x08007cc4   0x08007cc4   0x0000000e   Code   RO         5525    i.getPacketLen      protocol.o
    0x08007cd2   0x08007cd2   0x00000132   Code   RO         6159    i.get_fat           ff.o
    0x08007e04   0x08007e04   0x00000142   Code   RO         6160    i.get_fileinfo      ff.o
    0x08007f46   0x08007f46   0x00000002   PAD
    0x08007f48   0x08007f48   0x00000050   Code   RO         6161    i.get_ldnumber      ff.o
    0x08007f98   0x08007f98   0x0000001c   Code   RO         5189    i.get_modbus_crc16  crc16.o
    0x08007fb4   0x08007fb4   0x000000bc   Code   RO         6162    i.inc_lock          ff.o
    0x08008070   0x08008070   0x00000060   Code   RO         5981    i.initFatfs         fatfs.o
    0x080080d0   0x080080d0   0x00000060   Code   RO         8508    i.initFile_Data_Task  data_update_task.o
    0x08008130   0x08008130   0x00000018   Code   RO         8420    i.initGPRS_Recv_Task  gprs_recv_task.o
    0x08008148   0x08008148   0x0000000c   Code   RO         8462    i.initGPRS_Send_Task  gprs_send_task.o
    0x08008154   0x08008154   0x0000001c   Code   RO         8509    i.initUpdateTask    data_update_task.o
    0x08008170   0x08008170   0x00000118   Code   RO         5630    i.init_Update_Filedata  update.o
    0x08008288   0x08008288   0x0000001c   Code   RO         5631    i.init_Update_Filefinish  update.o
    0x080082a4   0x080082a4   0x000000d8   Code   RO         5632    i.init_Update_Fileinfo  update.o
    0x0800837c   0x0800837c   0x0000000a   Code   RO         5633    i.init_Update_Fileversion  update.o
    0x08008386   0x08008386   0x00000002   PAD
    0x08008388   0x08008388   0x00000010   Code   RO         5634    i.init_Update_New_Firmware  update.o
    0x08008398   0x08008398   0x00000014   Code   RO         5635    i.init_Update_Packet  update.o
    0x080083ac   0x080083ac   0x00000026   Code   RO         6163    i.ld_clust          ff.o
    0x080083d2   0x080083d2   0x00000018   Code   RO         6164    i.ld_dword          ff.o
    0x080083ea   0x080083ea   0x0000000c   Code   RO         6165    i.ld_word           ff.o
    0x080083f6   0x080083f6   0x00000016   Code   RO         6166    i.lock_fs           ff.o
    0x0800840c   0x0800840c   0x0000006c   Code   RO           19    i.main              main.o
    0x08008478   0x08008478   0x00000024   Code   RO         6167    i.mem_cmp           ff.o
    0x0800849c   0x0800849c   0x0000001a   Code   RO         6168    i.mem_cpy           ff.o
    0x080084b6   0x080084b6   0x00000012   Code   RO         6169    i.mem_set           ff.o
    0x080084c8   0x080084c8   0x00000034   Code   RO         6170    i.move_window       ff.o
    0x080084fc   0x080084fc   0x0000001e   Code   RO         7763    i.osDelay           cmsis_os2.o
    0x0800851a   0x0800851a   0x00000002   PAD
    0x0800851c   0x0800851c   0x00000034   Code   RO         7772    i.osKernelGetState  cmsis_os2.o
    0x08008550   0x08008550   0x0000001a   Code   RO         7775    i.osKernelGetTickCount  cmsis_os2.o
    0x0800856a   0x0800856a   0x00000002   PAD
    0x0800856c   0x0800856c   0x0000002c   Code   RO         7777    i.osKernelInitialize  cmsis_os2.o
    0x08008598   0x08008598   0x00000060   Code   RO         7780    i.osKernelStart     cmsis_os2.o
    0x080085f8   0x080085f8   0x00000080   Code   RO         7792    i.osMessageQueueGet  cmsis_os2.o
    0x08008678   0x08008678   0x0000009a   Code   RO         7797    i.osMessageQueueNew  cmsis_os2.o
    0x08008712   0x08008712   0x00000002   PAD
    0x08008714   0x08008714   0x00000084   Code   RO         7798    i.osMessageQueuePut  cmsis_os2.o
    0x08008798   0x08008798   0x0000006c   Code   RO         7805    i.osSemaphoreAcquire  cmsis_os2.o
    0x08008804   0x08008804   0x0000002c   Code   RO         7806    i.osSemaphoreDelete  cmsis_os2.o
    0x08008830   0x08008830   0x000000cc   Code   RO         7808    i.osSemaphoreNew    cmsis_os2.o
    0x080088fc   0x080088fc   0x0000005c   Code   RO         7809    i.osSemaphoreRelease  cmsis_os2.o
    0x08008958   0x08008958   0x000000b8   Code   RO         7822    i.osThreadNew       cmsis_os2.o
    0x08008a10   0x08008a10   0x00000092   Code   RO         5526    i.packet_serialize  protocol.o
    0x08008aa2   0x08008aa2   0x00000002   PAD
    0x08008aa4   0x08008aa4   0x00000088   Code   RO         6171    i.pick_lfn          ff.o
    0x08008b2c   0x08008b2c   0x00000028   Code   RO         5636    i.printfErrorCnt    update.o
    0x08008b54   0x08008b54   0x000000dc   Code   RO         5637    i.printfResendLog   update.o
    0x08008c30   0x08008c30   0x0000005c   Code   RO         5638    i.printfUpdateOk    update.o
    0x08008c8c   0x08008c8c   0x00000068   Code   RO         5527    i.protocol_frame_depackage  protocol.o
    0x08008cf4   0x08008cf4   0x0000003c   Code   RO         5528    i.protocol_frame_package  protocol.o
    0x08008d30   0x08008d30   0x0000007c   Code   RO         7197    i.prvAddCurrentTaskToDelayedList  tasks.o
    0x08008dac   0x08008dac   0x000000b8   Code   RO         7198    i.prvAddNewTaskToReadyList  tasks.o
    0x08008e64   0x08008e64   0x00000074   Code   RO         7573    i.prvCheckForValidListAndQueue  timers.o
    0x08008ed8   0x08008ed8   0x00000048   Code   RO         7199    i.prvCheckTasksWaitingTermination  tasks.o
    0x08008f20   0x08008f20   0x0000002a   Code   RO         6784    i.prvCopyDataFromQueue  queue.o
    0x08008f4a   0x08008f4a   0x0000007e   Code   RO         6785    i.prvCopyDataToQueue  queue.o
    0x08008fc8   0x08008fc8   0x00000050   Code   RO         7200    i.prvDeleteTCB      tasks.o
    0x08009018   0x08009018   0x00000014   Code   RO         6786    i.prvGetDisinheritPriorityAfterTimeout  queue.o
    0x0800902c   0x0800902c   0x00000028   Code   RO         7574    i.prvGetNextExpireTime  timers.o
    0x08009054   0x08009054   0x0000007c   Code   RO         8284    i.prvHeapInit       heap_4.o
    0x080090d0   0x080090d0   0x00000028   Code   RO         7201    i.prvIdleTask       tasks.o
    0x080090f8   0x080090f8   0x0000002a   Code   RO         6788    i.prvInitialiseNewQueue  queue.o
    0x08009122   0x08009122   0x000000be   Code   RO         7202    i.prvInitialiseNewTask  tasks.o
    0x080091e0   0x080091e0   0x00000068   Code   RO         7203    i.prvInitialiseTaskLists  tasks.o
    0x08009248   0x08009248   0x00000068   Code   RO         8285    i.prvInsertBlockIntoFreeList  heap_4.o
    0x080092b0   0x080092b0   0x00000058   Code   RO         7576    i.prvInsertTimerInActiveList  timers.o
    0x08009308   0x08009308   0x0000001a   Code   RO         6789    i.prvIsQueueEmpty   queue.o
    0x08009322   0x08009322   0x0000001e   Code   RO         6790    i.prvIsQueueFull    queue.o
    0x08009340   0x08009340   0x00000074   Code   RO         7577    i.prvProcessExpiredTimer  timers.o
    0x080093b4   0x080093b4   0x00000164   Code   RO         7578    i.prvProcessReceivedCommands  timers.o
    0x08009518   0x08009518   0x00000074   Code   RO         7579    i.prvProcessTimerOrBlockTask  timers.o
    0x0800958c   0x0800958c   0x00000034   Code   RO         7205    i.prvResetNextTaskUnblockTime  tasks.o
    0x080095c0   0x080095c0   0x0000002c   Code   RO         7580    i.prvSampleTimeNow  timers.o
    0x080095ec   0x080095ec   0x000000a4   Code   RO         7581    i.prvSwitchTimerLists  timers.o
    0x08009690   0x08009690   0x00000040   Code   RO         8340    i.prvTaskExitError  port.o
    0x080096d0   0x080096d0   0x0000001a   Code   RO         7582    i.prvTimerTask      timers.o
    0x080096ea   0x080096ea   0x0000007e   Code   RO         6791    i.prvUnlockQueue    queue.o
    0x08009768   0x08009768   0x00000190   Code   RO         6172    i.put_fat           ff.o
    0x080098f8   0x080098f8   0x00000080   Code   RO         6173    i.put_lfn           ff.o
    0x08009978   0x08009978   0x0000014c   Code   RO         8286    i.pvPortMalloc      heap_4.o
    0x08009ac4   0x08009ac4   0x00000020   Code   RO         7208    i.pvTaskIncrementMutexHeldCount  tasks.o
    0x08009ae4   0x08009ae4   0x0000002c   Code   RO         8341    i.pxPortInitialiseStack  port.o
    0x08009b10   0x08009b10   0x0000000e   Code   RO         5201    i.read_uint16_t     crc16.o
    0x08009b1e   0x08009b1e   0x00000016   Code   RO         5202    i.read_uint16_t_BE  crc16.o
    0x08009b34   0x08009b34   0x00000014   Code   RO         5204    i.read_uint32_t_BE  crc16.o
    0x08009b48   0x08009b48   0x00000016   Code   RO         5206    i.read_uint8_t_BE   crc16.o
    0x08009b5e   0x08009b5e   0x0000009a   Code   RO         6174    i.remove_chain      ff.o
    0x08009bf8   0x08009bf8   0x0000002c   Code   RO         5639    i.resetUpdateFlow   update.o
    0x08009c24   0x08009c24   0x0000003c   Code   RO         5983    i.selectFile        fatfs.o
    0x08009c60   0x08009c60   0x00000010   Code   RO          317    i.sendSemToTask     freertos.o
    0x08009c70   0x08009c70   0x00000034   Code   RO         8421    i.setGPRS_Recv_Count  gprs_recv_task.o
    0x08009ca4   0x08009ca4   0x00000014   Code   RO          268    i.setLED2           gpio.o
    0x08009cb8   0x08009cb8   0x00000008   Code   RO         5529    i.setPacketLen      protocol.o
    0x08009cc0   0x08009cc0   0x00000024   Code   RO         6175    i.st_clust          ff.o
    0x08009ce4   0x08009ce4   0x00000018   Code   RO         6176    i.st_dword          ff.o
    0x08009cfc   0x08009cfc   0x0000000c   Code   RO         6177    i.st_word           ff.o
    0x08009d08   0x08009d08   0x00000032   Code   RO         5096    i.stm32_flashCompare  stm_flash.o
    0x08009d3a   0x08009d3a   0x00000002   PAD
    0x08009d3c   0x08009d3c   0x000000a8   Code   RO         5097    i.stm32_flashErase  stm_flash.o
    0x08009de4   0x08009de4   0x00000036   Code   RO         5100    i.stm32_flashWriteTest  stm_flash.o
    0x08009e1a   0x08009e1a   0x00000020   Code   RO         6178    i.sum_sfn           ff.o
    0x08009e3a   0x08009e3a   0x00000002   PAD
    0x08009e3c   0x08009e3c   0x00000090   Code   RO         6179    i.sync_fs           ff.o
    0x08009ecc   0x08009ecc   0x00000052   Code   RO         6180    i.sync_window       ff.o
    0x08009f1e   0x08009f1e   0x00000014   Code   RO         5615    i.u16BEtoLE         protocol.o
    0x08009f32   0x08009f32   0x00000014   Code   RO         5603    i.u16LEtoBE         protocol.o
    0x08009f46   0x08009f46   0x0000001e   Code   RO         5597    i.u32LEtoBE         protocol.o
    0x08009f64   0x08009f64   0x0000001c   Code   RO         6181    i.unlock_fs         ff.o
    0x08009f80   0x08009f80   0x00000024   Code   RO         5640    i.update_data_check  update.o
    0x08009fa4   0x08009fa4   0x000000d0   Code   RO         5641    i.update_flow_process_recv  update.o
    0x0800a074   0x0800a074   0x0000004c   Code   RO         5642    i.update_flow_process_send  update.o
    0x0800a0c0   0x0800a0c0   0x000000d8   Code   RO         5643    i.update_frame_check  update.o
    0x0800a198   0x0800a198   0x00000016   Code   RO         5644    i.update_frame_depacket  update.o
    0x0800a1ae   0x0800a1ae   0x00000002   PAD
    0x0800a1b0   0x0800a1b0   0x00000088   Code   RO         5645    i.update_frame_init  update.o
    0x0800a238   0x0800a238   0x00000028   Code   RO         5646    i.update_frame_packet  update.o
    0x0800a260   0x0800a260   0x00000110   Code   RO         5986    i.usrScanBinFiles   fatfs.o
    0x0800a370   0x0800a370   0x00000028   Code   RO         6744    i.uxListRemove      list.o
    0x0800a398   0x0800a398   0x00000018   Code   RO         7834    i.vApplicationGetIdleTaskMemory  cmsis_os2.o
    0x0800a3b0   0x0800a3b0   0x00000018   Code   RO         7835    i.vApplicationGetTimerTaskMemory  cmsis_os2.o
    0x0800a3c8   0x0800a3c8   0x00000010   Code   RO          318    i.vApplicationStackOverflowHook  freertos.o
    0x0800a3d8   0x0800a3d8   0x0000001a   Code   RO         6745    i.vListInitialise   list.o
    0x0800a3f2   0x0800a3f2   0x00000006   Code   RO         6746    i.vListInitialiseItem  list.o
    0x0800a3f8   0x0800a3f8   0x00000034   Code   RO         6747    i.vListInsert       list.o
    0x0800a42c   0x0800a42c   0x00000018   Code   RO         6748    i.vListInsertEnd    list.o
    0x0800a444   0x0800a444   0x00000054   Code   RO         8343    i.vPortEnterCritical  port.o
    0x0800a498   0x0800a498   0x0000003c   Code   RO         8344    i.vPortExitCritical  port.o
    0x0800a4d4   0x0800a4d4   0x000000a4   Code   RO         8287    i.vPortFree         heap_4.o
    0x0800a578   0x0800a578   0x00000028   Code   RO         8345    i.vPortSetupTimerInterrupt  port.o
    0x0800a5a0   0x0800a5a0   0x00000078   Code   RO         8346    i.vPortValidateInterruptPriority  port.o
    0x0800a618   0x0800a618   0x0000002c   Code   RO         6797    i.vQueueAddToRegistry  queue.o
    0x0800a644   0x0800a644   0x00000032   Code   RO         6798    i.vQueueDelete      queue.o
    0x0800a676   0x0800a676   0x00000002   PAD
    0x0800a678   0x0800a678   0x00000030   Code   RO         6800    i.vQueueUnregisterQueue  queue.o
    0x0800a6a8   0x0800a6a8   0x0000004a   Code   RO         6801    i.vQueueWaitForMessageRestricted  queue.o
    0x0800a6f2   0x0800a6f2   0x00000002   PAD
    0x0800a6f4   0x0800a6f4   0x0000005c   Code   RO         7218    i.vTaskDelay        tasks.o
    0x0800a750   0x0800a750   0x00000018   Code   RO         7223    i.vTaskInternalSetTimeOutState  tasks.o
    0x0800a768   0x0800a768   0x0000000c   Code   RO         7224    i.vTaskMissedYield  tasks.o
    0x0800a774   0x0800a774   0x00000038   Code   RO         7226    i.vTaskPlaceOnEventList  tasks.o
    0x0800a7ac   0x0800a7ac   0x00000040   Code   RO         7227    i.vTaskPlaceOnEventListRestricted  tasks.o
    0x0800a7ec   0x0800a7ec   0x000000d0   Code   RO         7229    i.vTaskPriorityDisinheritAfterTimeout  tasks.o
    0x0800a8bc   0x0800a8bc   0x000000b8   Code   RO         7235    i.vTaskStartScheduler  tasks.o
    0x0800a974   0x0800a974   0x00000010   Code   RO         7237    i.vTaskSuspendAll   tasks.o
    0x0800a984   0x0800a984   0x000000ac   Code   RO         7238    i.vTaskSwitchContext  tasks.o
    0x0800aa30   0x0800aa30   0x00000052   Code   RO         6182    i.validate          ff.o
    0x0800aa82   0x0800aa82   0x00000010   Code   RO         5219    i.write_uint16_t    crc16.o
    0x0800aa92   0x0800aa92   0x0000001a   Code   RO         5220    i.write_uint16_t_BE  crc16.o
    0x0800aaac   0x0800aaac   0x00000018   Code   RO         5222    i.write_uint32_t_BE  crc16.o
    0x0800aac4   0x0800aac4   0x0000001a   Code   RO         5224    i.write_uint8_t_BE  crc16.o
    0x0800aade   0x0800aade   0x00000002   PAD
    0x0800aae0   0x0800aae0   0x00000168   Code   RO         8347    i.xPortStartScheduler  port.o
    0x0800ac48   0x0800ac48   0x00000034   Code   RO         8348    i.xPortSysTickHandler  port.o
    0x0800ac7c   0x0800ac7c   0x0000005c   Code   RO         6802    i.xQueueCreateCountingSemaphore  queue.o
    0x0800acd8   0x0800acd8   0x00000064   Code   RO         6803    i.xQueueCreateCountingSemaphoreStatic  queue.o
    0x0800ad3c   0x0800ad3c   0x0000005a   Code   RO         6806    i.xQueueGenericCreate  queue.o
    0x0800ad96   0x0800ad96   0x000000e0   Code   RO         6807    i.xQueueGenericCreateStatic  queue.o
    0x0800ae76   0x0800ae76   0x00000002   PAD
    0x0800ae78   0x0800ae78   0x00000098   Code   RO         6808    i.xQueueGenericReset  queue.o
    0x0800af10   0x0800af10   0x000001a8   Code   RO         6809    i.xQueueGenericSend  queue.o
    0x0800b0b8   0x0800b0b8   0x000000fc   Code   RO         6810    i.xQueueGenericSendFromISR  queue.o
    0x0800b1b4   0x0800b1b4   0x000000e0   Code   RO         6813    i.xQueueGiveFromISR  queue.o
    0x0800b294   0x0800b294   0x00000168   Code   RO         6819    i.xQueueReceive     queue.o
    0x0800b3fc   0x0800b3fc   0x000000ca   Code   RO         6820    i.xQueueReceiveFromISR  queue.o
    0x0800b4c6   0x0800b4c6   0x00000002   PAD
    0x0800b4c8   0x0800b4c8   0x000001b8   Code   RO         6821    i.xQueueSemaphoreTake  queue.o
    0x0800b680   0x0800b680   0x0000008c   Code   RO         7240    i.xTaskCheckForTimeOut  tasks.o
    0x0800b70c   0x0800b70c   0x00000064   Code   RO         7241    i.xTaskCreate       tasks.o
    0x0800b770   0x0800b770   0x000000ba   Code   RO         7242    i.xTaskCreateStatic  tasks.o
    0x0800b82a   0x0800b82a   0x00000002   PAD
    0x0800b82c   0x0800b82c   0x00000020   Code   RO         7246    i.xTaskGetSchedulerState  tasks.o
    0x0800b84c   0x0800b84c   0x0000000c   Code   RO         7247    i.xTaskGetTickCount  tasks.o
    0x0800b858   0x0800b858   0x00000014   Code   RO         7248    i.xTaskGetTickCountFromISR  tasks.o
    0x0800b86c   0x0800b86c   0x00000144   Code   RO         7249    i.xTaskIncrementTick  tasks.o
    0x0800b9b0   0x0800b9b0   0x000000a4   Code   RO         7252    i.xTaskPriorityDisinherit  tasks.o
    0x0800ba54   0x0800ba54   0x000000a4   Code   RO         7253    i.xTaskPriorityInherit  tasks.o
    0x0800baf8   0x0800baf8   0x00000098   Code   RO         7254    i.xTaskRemoveFromEventList  tasks.o
    0x0800bb90   0x0800bb90   0x00000104   Code   RO         7255    i.xTaskResumeAll    tasks.o
    0x0800bc94   0x0800bc94   0x00000078   Code   RO         7591    i.xTimerCreateTimerTask  timers.o
    0x0800bd0c   0x0800bd0c   0x00000084   Code   RO         7592    i.xTimerGenericCommand  timers.o
    0x0800bd90   0x0800bd90   0x0000000a   Code   RO         8902    x$fpl$fpinit        fz_wm.l(fpinit.o)
    0x0800bd9a   0x0800bd9a   0x00000002   PAD
    0x0800bd9c   0x0800bd9c   0x000000e0   Data   RO          319    .constdata          freertos.o
    0x0800be7c   0x0800be7c   0x00000008   Data   RO         2503    .constdata          stm32f4xx_hal_dma.o
    0x0800be84   0x0800be84   0x00000018   Data   RO         5056    .constdata          system_stm32f4xx.o
    0x0800be9c   0x0800be9c   0x00000600   Data   RO         5225    .constdata          crc16.o
    0x0800c49c   0x0800c49c   0x00000014   Data   RO         5885    .constdata          sd_diskio.o
    0x0800c4b0   0x0800c4b0   0x000000aa   Data   RO         6184    .constdata          ff.o
    0x0800c55a   0x0800c55a   0x000003ae   Data   RO         6586    .constdata          ccsbcs.o
    0x0800c908   0x0800c908   0x00000028   Data   RO         8641    .constdata          c_w.l(_printf_hex_int.o)
    0x0800c930   0x0800c930   0x00000011   Data   RO         8671    .constdata          c_w.l(__printf_flags_wp.o)
    0x0800c941   0x0800c941   0x00000003   PAD
    0x0800c944   0x0800c944   0x00000073   Data   RO          320    .conststring        freertos.o
    0x0800c9b7   0x0800c9b7   0x00000001   PAD
    0x0800c9b8   0x0800c9b8   0x00000020   Data   RO         8995    Region$$Table       anon$$obj.o


    Execution Region RW_IRAM1 (Exec base: 0x20000000, Load base: 0x0800c9d8, Size: 0x00017280, Max: 0x00020000, ABSOLUTE, COMPRESSED[0x00000038])

    Exec Addr    Load Addr    Size         Type   Attr      Idx    E Section Name        Object

    0x20000000   COMPRESSED   0x00000004   Data   RW           20    .data               main.o
    0x20000004   COMPRESSED   0x00000020   Data   RW          321    .data               freertos.o
    0x20000024   COMPRESSED   0x00000020   Data   RW          604    .data               usart.o
    0x20000044   COMPRESSED   0x00000009   Data   RW         2935    .data               stm32f4xx_hal.o
    0x2000004d   COMPRESSED   0x00000003   PAD
    0x20000050   COMPRESSED   0x00000004   Data   RW         5057    .data               system_stm32f4xx.o
    0x20000054   COMPRESSED   0x00000018   Data   RW         5102    .data               stm_flash.o
    0x2000006c   COMPRESSED   0x0000002f   Data   RW         5648    .data               update.o
    0x2000009b   COMPRESSED   0x00000001   PAD
    0x2000009c   COMPRESSED   0x00000008   Data   RW         5886    .data               sd_diskio.o
    0x200000a4   COMPRESSED   0x0000001f   Data   RW         5989    .data               fatfs.o
    0x200000c3   COMPRESSED   0x00000001   PAD
    0x200000c4   COMPRESSED   0x0000000b   Data   RW         6185    .data               ff.o
    0x200000cf   COMPRESSED   0x00000001   PAD
    0x200000d0   COMPRESSED   0x0000003c   Data   RW         7258    .data               tasks.o
    0x2000010c   COMPRESSED   0x00000014   Data   RW         7600    .data               timers.o
    0x20000120   COMPRESSED   0x00000004   Data   RW         7838    .data               cmsis_os2.o
    0x20000124   COMPRESSED   0x00000020   Data   RW         8293    .data               heap_4.o
    0x20000144   COMPRESSED   0x0000000c   Data   RW         8349    .data               port.o
    0x20000150   COMPRESSED   0x00000008   Data   RW         8422    .data               gprs_recv_task.o
    0x20000158   COMPRESSED   0x00000001   Data   RW         8464    .data               gprs_send_task.o
    0x20000159   COMPRESSED   0x00000003   PAD
    0x2000015c   COMPRESSED   0x0000000c   Data   RW         8512    .data               data_update_task.o
    0x20000168        -       0x00000144   Zero   RW          434    .bss                sdio.o
    0x200002ac        -       0x00000090   Zero   RW          522    .bss                tim.o
    0x2000033c        -       0x00000988   Zero   RW          603    .bss                usart.o
    0x20000cc4        -       0x00000048   Zero   RW          824    .bss                stm32f4xx_hal_timebase_tim.o
    0x20000d0c        -       0x00000020   Zero   RW         2157    .bss                stm32f4xx_hal_flash.o
    0x20000d2c        -       0x00000014   Zero   RW         5101    .bss                stm_flash.o
    0x20000d40        -       0x00000868   Zero   RW         5647    .bss                update.o
    0x200015a8        -       0x00002208   Zero   RW         5987    .bss                fatfs.o
    0x200037b0        -       0x00000030   Zero   RW         6183    .bss                ff.o
    0x200037e0        -       0x00000010   Zero   RW         6490    .bss                ff_gen_drv.o
    0x200037f0        -       0x00000040   Zero   RW         6823    .bss                queue.o
    0x20003830        -       0x000004c4   Zero   RW         7257    .bss                tasks.o
    0x20003cf4        -       0x00000118   Zero   RW         7599    .bss                timers.o
    0x20003e0c        -       0x000006b8   Zero   RW         7837    .bss                cmsis_os2.o
    0x200044c4        -       0x00010000   Zero   RW         8292    .bss                heap_4.o
    0x200144c4        -       0x00000460   Zero   RW         8463    .bss                gprs_send_task.o
    0x20014924        -       0x000008f8   Zero   RW         8511    .bss                data_update_task.o
    0x2001521c        -       0x00000060   Zero   RW         8823    .bss                c_w.l(libspace.o)
    0x2001527c   COMPRESSED   0x00000004   PAD
    0x20015280        -       0x00001000   Zero   RW            2    HEAP                startup_stm32f407xx.o
    0x20016280        -       0x00001000   Zero   RW            1    STACK               startup_stm32f407xx.o


==============================================================================

Image component sizes


      Code (inc. data)   RO Data    RW Data    ZI Data      Debug   Object Name

       226         26          0          0          0       6406   bsp_driver_sd.o
       240         24        942          0          0       2215   ccsbcs.o
      1370         58          0          4       1720      58476   cmsis_os2.o
       296         12       1536          0          0       9718   crc16.o
       288         76          0         12       2296       3006   data_update_task.o
       208         24          0          0          0       3957   diskio.o
        72          4          0          0          0        794   dma.o
         0          0          0          0          0      19472   event_groups.o
       892        386          0         31       8712       5370   fatfs.o
        24          4          0          0          0        577   fatfs_platform.o
      8820        120        170         11         48      51134   ff.o
       102          6          0          0         16       1707   ff_gen_drv.o
       426        104        339         32          0      11562   freertos.o
       376         28          0          0          0       2631   gpio.o
       152         24          0          8          0       2718   gprs_recv_task.o
       180         50          0          1       1120       3078   gprs_send_task.o
       724         74          0         32      65536       4935   heap_4.o
       148          0          0          0          0       3634   list.o
       418         80          0          4          0     748840   main.o
      1014         92          0         12          0      11833   port.o
       860          8          0          0          0       9673   protocol.o
      3188         30          0          0         64      27328   queue.o
       590         44         20          8          0       7121   sd_diskio.o
       432         38          0          0        324       2270   sdio.o
        64         26        392          0       8192        856   startup_stm32f407xx.o
       136         24          0          9          0       8802   stm32f4xx_hal.o
       252         22          0          0          0      33746   stm32f4xx_hal_cortex.o
      1442         16          8          0          0       7749   stm32f4xx_hal_dma.o
       652         64          0          0         32       6094   stm32f4xx_hal_flash.o
       432         26          0          0          0       3314   stm32f4xx_hal_flash_ex.o
       544         44          0          0          0       3492   stm32f4xx_hal_gpio.o
        84          6          0          0          0        882   stm32f4xx_hal_msp.o
      1888         94          0          0          0       6365   stm32f4xx_hal_rcc.o
      3728         76          0          0          0      19307   stm32f4xx_hal_sd.o
      1286         76          0          0          0       9835   stm32f4xx_hal_tim.o
       184         30          0          0          0       2541   stm32f4xx_hal_tim_ex.o
       140         18          0          0         72       1499   stm32f4xx_hal_timebase_tim.o
      2494         14          0          0          0      12945   stm32f4xx_hal_uart.o
       156         48          0          0          0       6995   stm32f4xx_it.o
      2110         46          0          0          0      24739   stm32f4xx_ll_sdmmc.o
       752        184          0         24         20       5658   stm_flash.o
         0          0          0          0          0       9440   stream_buffer.o
        84          0          0          0          0       3516   syscall.o
        20          6         24          4          0       1163   system_stm32f4xx.o
      3260        382          0         60       1220      31070   tasks.o
       672         52          0          0        144       4387   tim.o
      1318        124          0         20        280      33031   timers.o
      1700        348          0         47       2152      11834   update.o
       904        170          0         32       2440       6406   usart.o

    ----------------------------------------------------------------------
     45426       3208       3464        360      94388    1254121   Object Totals
         0          0         32          0          0          0   (incl. Generated)
        78          0          1          9          0          0   (incl. Padding)

    ----------------------------------------------------------------------

      Code (inc. data)   RO Data    RW Data    ZI Data      Debug   Library Member Name

        58          0          0          0          0          0   __dczerorl.o
         8          0          0          0          0         68   __main.o
       312          4         17          0          0         92   __printf_flags_wp.o
        14          0          0          0          0         68   __printf_wp.o
         0          0          0          0          0          0   __rtentry.o
        12          0          0          0          0          0   __rtentry2.o
         6          0          0          0          0          0   __rtentry4.o
        52          8          0          0          0          0   __scatter.o
        28          0          0          0          0          0   __scatter_zi.o
        44          0          0          0          0        108   _printf_char.o
        48          6          0          0          0         96   _printf_char_common.o
        36          4          0          0          0         80   _printf_char_file.o
         6          0          0          0          0          0   _printf_d.o
       120         16          0          0          0         92   _printf_dec.o
        88          4         40          0          0         88   _printf_hex_int.o
       178          0          0          0          0         88   _printf_intcommon.o
        78          0          0          0          0        108   _printf_pad.o
         0          0          0          0          0          0   _printf_percent.o
         4          0          0          0          0          0   _printf_percent_end.o
         6          0          0          0          0          0   _printf_s.o
        82          0          0          0          0         80   _printf_str.o
         6          0          0          0          0          0   _printf_x.o
        10          0          0          0          0         68   _sputc.o
        16          0          0          0          0         68   aeabi_memset.o
        10          0          0          0          0         68   defsig_exit.o
        50          0          0          0          0         88   defsig_general.o
        80         58          0          0          0         76   defsig_rtmem_inner.o
        14          0          0          0          0         80   defsig_rtmem_outer.o
        18          0          0          0          0         80   exit.o
         8          0          0          0          0         68   ferror.o
        94          0          0          0          0         80   h1_alloc.o
        52          0          0          0          0         68   h1_extend.o
        78          0          0          0          0         80   h1_free.o
        14          0          0          0          0         84   h1_init.o
         6          0          0          0          0        152   heapauxi.o
         4          0          0          0          0        136   hguard.o
         0          0          0          0          0          0   indicate_semi.o
       138          0          0          0          0        168   init_alloc.o
         2          0          0          0          0          0   libinit.o
        14          0          0          0          0          0   libinit2.o
         2          0          0          0          0          0   libshutdown.o
         2          0          0          0          0          0   libshutdown2.o
         8          4          0          0         96         68   libspace.o
       238          0          0          0          0        100   lludivv7m.o
         0          0          0          0          0          0   maybetermalloc1.o
        24          4          0          0          0         84   noretval__2printf.o
        40          6          0          0          0         84   noretval__2sprintf.o
         8          4          0          0          0         68   rt_heap_descriptor_intlibspace.o
        68          0          0          0          0         68   rt_memclr.o
        78          0          0          0          0         80   rt_memclr_w.o
       138          0          0          0          0         68   rt_memcpy_v6.o
       100          0          0          0          0         80   rt_memcpy_w.o
         2          0          0          0          0          0   rtexit.o
        10          0          0          0          0          0   rtexit2.o
        62          0          0          0          0         76   strlen.o
        36          0          0          0          0         80   strstr.o
        74          0          0          0          0         80   sys_stackheap_outer.o
        14          0          0          0          0         76   sys_wrch.o
         2          0          0          0          0         68   use_no_semi.o
        10          0          0          0          0        116   fpinit.o

    ----------------------------------------------------------------------
      2722        118         60          0        100       3528   Library Totals
        12          0          3          0          4          0   (incl. Padding)

    ----------------------------------------------------------------------

      Code (inc. data)   RO Data    RW Data    ZI Data      Debug   Library Name

      2700        118         57          0         96       3412   c_w.l
        10          0          0          0          0        116   fz_wm.l

    ----------------------------------------------------------------------
      2722        118         60          0        100       3528   Library Totals

    ----------------------------------------------------------------------

==============================================================================


      Code (inc. data)   RO Data    RW Data    ZI Data      Debug   

     48148       3326       3524        360      94488    1213425   Grand Totals
     48148       3326       3524         56      94488    1213425   ELF Image Totals (compressed)
     48148       3326       3524         56          0          0   ROM Totals

==============================================================================

    Total RO  Size (Code + RO Data)                51672 (  50.46kB)
    Total RW  Size (RW Data + ZI Data)             94848 (  92.63kB)
    Total ROM Size (Code + RO Data + RW Data)      51728 (  50.52kB)

==============================================================================

